ERROR DETECTADO:
Traceback (most recent call last):
  File "asyncpg\\protocol\\prepared_stmt.pyx", line 175, in asyncpg.protocol.protocol.PreparedStatementState._encode_bind_msg
  File "asyncpg\\protocol\\codecs/base.pyx", line 227, in asyncpg.protocol.protocol.Codec.encode
  File "asyncpg\\protocol\\codecs/base.pyx", line 129, in asyncpg.protocol.protocol.Codec.encode_scalar
  File "asyncpg\\pgproto\\./codecs/text.pyx", line 29, in asyncpg.pgproto.pgproto.text_encode
  File "asyncpg\\pgproto\\./codecs/text.pyx", line 12, in asyncpg.pgproto.pgproto.as_pg_string_and_size
TypeError: expected str, got int

The above exception was the direct cause of the following exception:

Traceback (most recent call last):
  File "C:\Users\renat\OneDrive\Desktop\trainylics\backend\venv\Lib\site-packages\sqlalchemy\dialects\postgresql\asyncpg.py", line 550, in _prepare_and_execute
    self._rows = deque(await prepared_stmt.fetch(*parameters))
                       ^^^^^^^^^^^^^^^^^^^^^^^^^^^^^^^^^^^^^^
  File "C:\Users\renat\OneDrive\Desktop\trainylics\backend\venv\Lib\site-packages\asyncpg\prepared_stmt.py", line 176, in fetch
    data = await self.__bind_execute(args, 0, timeout)
           ^^^^^^^^^^^^^^^^^^^^^^^^^^^^^^^^^^^^^^^^^^^
  File "C:\Users\renat\OneDrive\Desktop\trainylics\backend\venv\Lib\site-packages\asyncpg\prepared_stmt.py", line 267, in __bind_execute
    data, status, _ = await self.__do_execute(
                      ^^^^^^^^^^^^^^^^^^^^^^^^
  File "C:\Users\renat\OneDrive\Desktop\trainylics\backend\venv\Lib\site-packages\asyncpg\prepared_stmt.py", line 256, in __do_execute
    return await executor(protocol)
           ^^^^^^^^^^^^^^^^^^^^^^^^
  File "asyncpg\\protocol\\protocol.pyx", line 185, in bind_execute
  File "asyncpg\\protocol\\prepared_stmt.pyx", line 204, in asyncpg.protocol.protocol.PreparedStatementState._encode_bind_msg
asyncpg.exceptions.DataError: invalid input for query argument $8: 3161 (expected str, got int)

The above exception was the direct cause of the following exception:

Traceback (most recent call last):
  File "C:\Users\renat\OneDrive\Desktop\trainylics\backend\venv\Lib\site-packages\sqlalchemy\engine\base.py", line 1967, in _exec_single_context
    self.dialect.do_execute(
  File "C:\Users\renat\OneDrive\Desktop\trainylics\backend\venv\Lib\site-packages\sqlalchemy\engine\default.py", line 951, in do_execute
    cursor.execute(statement, parameters)
  File "C:\Users\renat\OneDrive\Desktop\trainylics\backend\venv\Lib\site-packages\sqlalchemy\dialects\postgresql\asyncpg.py", line 585, in execute
    self._adapt_connection.await_(
  File "C:\Users\renat\OneDrive\Desktop\trainylics\backend\venv\Lib\site-packages\sqlalchemy\util\_concurrency_py3k.py", line 132, in await_only
    return current.parent.switch(awaitable)  # type: ignore[no-any-return,attr-defined] # noqa: E501
           ^^^^^^^^^^^^^^^^^^^^^^^^^^^^^^^^
  File "C:\Users\renat\OneDrive\Desktop\trainylics\backend\venv\Lib\site-packages\sqlalchemy\util\_concurrency_py3k.py", line 196, in greenlet_spawn
    value = await result
            ^^^^^^^^^^^^
  File "C:\Users\renat\OneDrive\Desktop\trainylics\backend\venv\Lib\site-packages\sqlalchemy\dialects\postgresql\asyncpg.py", line 563, in _prepare_and_execute
    self._handle_exception(error)
  File "C:\Users\renat\OneDrive\Desktop\trainylics\backend\venv\Lib\site-packages\sqlalchemy\dialects\postgresql\asyncpg.py", line 513, in _handle_exception
    self._adapt_connection._handle_exception(error)
  File "C:\Users\renat\OneDrive\Desktop\trainylics\backend\venv\Lib\site-packages\sqlalchemy\dialects\postgresql\asyncpg.py", line 797, in _handle_exception
    raise translated_error from error
sqlalchemy.dialects.postgresql.asyncpg.AsyncAdapt_asyncpg_dbapi.Error: <class 'asyncpg.exceptions.DataError'>: invalid input for query argument $8: 3161 (expected str, got int)

The above exception was the direct cause of the following exception:

Traceback (most recent call last):
  File "C:\Users\renat\OneDrive\Desktop\trainylics\backend\src\app\controller\prediction.py", line 285, in get_next_match_analysis
    our_stats = await get_team_avg_stats(list(matched_team_ids))
                ^^^^^^^^^^^^^^^^^^^^^^^^^^^^^^^^^^^^^^^^^^^^^^^^
  File "C:\Users\renat\OneDrive\Desktop\trainylics\backend\src\app\controller\prediction.py", line 239, in get_team_avg_stats
    res_played = await session.execute(stmt_played)
                 ^^^^^^^^^^^^^^^^^^^^^^^^^^^^^^^^^^
  File "C:\Users\renat\OneDrive\Desktop\trainylics\backend\venv\Lib\site-packages\sqlmodel\ext\asyncio\session.py", line 160, in execute
    return await super().execute(
           ^^^^^^^^^^^^^^^^^^^^^^
  File "C:\Users\renat\OneDrive\Desktop\trainylics\backend\venv\Lib\site-packages\sqlalchemy\ext\asyncio\session.py", line 449, in execute
    result = await greenlet_spawn(
             ^^^^^^^^^^^^^^^^^^^^^
  File "C:\Users\renat\OneDrive\Desktop\trainylics\backend\venv\Lib\site-packages\sqlalchemy\util\_concurrency_py3k.py", line 201, in greenlet_spawn
    result = context.throw(*sys.exc_info())
             ^^^^^^^^^^^^^^^^^^^^^^^^^^^^^^
  File "C:\Users\renat\OneDrive\Desktop\trainylics\backend\venv\Lib\site-packages\sqlmodel\orm\session.py", line 144, in execute
    return super().execute(
           ^^^^^^^^^^^^^^^^
  File "C:\Users\renat\OneDrive\Desktop\trainylics\backend\venv\Lib\site-packages\sqlalchemy\orm\session.py", line 2351, in execute
    return self._execute_internal(
           ^^^^^^^^^^^^^^^^^^^^^^^
  File "C:\Users\renat\OneDrive\Desktop\trainylics\backend\venv\Lib\site-packages\sqlalchemy\orm\session.py", line 2249, in _execute_internal
    result: Result[Any] = compile_state_cls.orm_execute_statement(
                          ^^^^^^^^^^^^^^^^^^^^^^^^^^^^^^^^^^^^^^^^
  File "C:\Users\renat\OneDrive\Desktop\trainylics\backend\venv\Lib\site-packages\sqlalchemy\orm\context.py", line 306, in orm_execute_statement
    result = conn.execute(
             ^^^^^^^^^^^^^
  File "C:\Users\renat\OneDrive\Desktop\trainylics\backend\venv\Lib\site-packages\sqlalchemy\engine\base.py", line 1419, in execute
    return meth(
           ^^^^^
  File "C:\Users\renat\OneDrive\Desktop\trainylics\backend\venv\Lib\site-packages\sqlalchemy\sql\elements.py", line 526, in _execute_on_connection
    return connection._execute_clauseelement(
           ^^^^^^^^^^^^^^^^^^^^^^^^^^^^^^^^^^
  File "C:\Users\renat\OneDrive\Desktop\trainylics\backend\venv\Lib\site-packages\sqlalchemy\engine\base.py", line 1641, in _execute_clauseelement
    ret = self._execute_context(
          ^^^^^^^^^^^^^^^^^^^^^^
  File "C:\Users\renat\OneDrive\Desktop\trainylics\backend\venv\Lib\site-packages\sqlalchemy\engine\base.py", line 1846, in _execute_context
    return self._exec_single_context(
           ^^^^^^^^^^^^^^^^^^^^^^^^^^
  File "C:\Users\renat\OneDrive\Desktop\trainylics\backend\venv\Lib\site-packages\sqlalchemy\engine\base.py", line 1986, in _exec_single_context
    self._handle_dbapi_exception(
  File "C:\Users\renat\OneDrive\Desktop\trainylics\backend\venv\Lib\site-packages\sqlalchemy\engine\base.py", line 2355, in _handle_dbapi_exception
    raise sqlalchemy_exception.with_traceback(exc_info[2]) from e
  File "C:\Users\renat\OneDrive\Desktop\trainylics\backend\venv\Lib\site-packages\sqlalchemy\engine\base.py", line 1967, in _exec_single_context
    self.dialect.do_execute(
  File "C:\Users\renat\OneDrive\Desktop\trainylics\backend\venv\Lib\site-packages\sqlalchemy\engine\default.py", line 951, in do_execute
    cursor.execute(statement, parameters)
  File "C:\Users\renat\OneDrive\Desktop\trainylics\backend\venv\Lib\site-packages\sqlalchemy\dialects\postgresql\asyncpg.py", line 585, in execute
    self._adapt_connection.await_(
  File "C:\Users\renat\OneDrive\Desktop\trainylics\backend\venv\Lib\site-packages\sqlalchemy\util\_concurrency_py3k.py", line 132, in await_only
    return current.parent.switch(awaitable)  # type: ignore[no-any-return,attr-defined] # noqa: E501
           ^^^^^^^^^^^^^^^^^^^^^^^^^^^^^^^^
  File "C:\Users\renat\OneDrive\Desktop\trainylics\backend\venv\Lib\site-packages\sqlalchemy\util\_concurrency_py3k.py", line 196, in greenlet_spawn
    value = await result
            ^^^^^^^^^^^^
  File "C:\Users\renat\OneDrive\Desktop\trainylics\backend\venv\Lib\site-packages\sqlalchemy\dialects\postgresql\asyncpg.py", line 563, in _prepare_and_execute
    self._handle_exception(error)
  File "C:\Users\renat\OneDrive\Desktop\trainylics\backend\venv\Lib\site-packages\sqlalchemy\dialects\postgresql\asyncpg.py", line 513, in _handle_exception
    self._adapt_connection._handle_exception(error)
  File "C:\Users\renat\OneDrive\Desktop\trainylics\backend\venv\Lib\site-packages\sqlalchemy\dialects\postgresql\asyncpg.py", line 797, in _handle_exception
    raise translated_error from error
sqlalchemy.exc.DBAPIError: (sqlalchemy.dialects.postgresql.asyncpg.Error) <class 'asyncpg.exceptions.DataError'>: invalid input for query argument $8: 3161 (expected str, got int)
[SQL: SELECT match.created_at, match.modified_at, match.date, match.round, match.home_goals, match.away_goals, match.possession_home, match.possession_away, match.shots_home, match.shots_away, match.shots_on_target_home, match.shots_on_target_away, match.corners_home, match.corners_away, match.xg_home, match.xg_away, match.league_id, match.home_team_id, match.away_team_id, match.id 
FROM match 
WHERE (match.home_team_id IN ($2::VARCHAR, $3::VARCHAR, $4::VARCHAR, $5::VARCHAR, $6::VARCHAR, $7::VARCHAR, $8::VARCHAR, $9::VARCHAR) OR match.away_team_id IN ($10::VARCHAR, $11::VARCHAR, $12::VARCHAR, $13::VARCHAR, $14::VARCHAR, $15::VARCHAR, $16::VARCHAR, $17::VARCHAR)) AND match.home_goals IS NOT NULL AND match.away_goals IS NOT NULL ORDER BY match.date DESC 
 LIMIT $1::INTEGER]
[parameters: (5, '3161', 'Universidad de Chile', 'dea519a2-f052-4209-b87c-288d18dc1954', 'dbe32e26-1812-49e5-bbdd-62d4a07c91e2', '022931ec-9714-49d7-9aa8-148de7c808a4', '88ffe2b7-fc56-4bcd-a4cb-c9e936597516', 3161, '23cc6c44-b1f1-4b01-bddb-fb981584d018', '3161', 'Universidad de Chile', 'dea519a2-f052-4209-b87c-288d18dc1954', 'dbe32e26-1812-49e5-bbdd-62d4a07c91e2', '022931ec-9714-49d7-9aa8-148de7c808a4', '88ffe2b7-fc56-4bcd-a4cb-c9e936597516', 3161, '23cc6c44-b1f1-4b01-bddb-fb981584d018')]
(Background on this error at: https://sqlalche.me/e/20/dbapi)


ERROR DETECTADO:
Traceback (most recent call last):
  File "asyncpg\\protocol\\prepared_stmt.pyx", line 175, in asyncpg.protocol.protocol.PreparedStatementState._encode_bind_msg
  File "asyncpg\\protocol\\codecs/base.pyx", line 227, in asyncpg.protocol.protocol.Codec.encode
  File "asyncpg\\protocol\\codecs/base.pyx", line 129, in asyncpg.protocol.protocol.Codec.encode_scalar
  File "asyncpg\\pgproto\\./codecs/text.pyx", line 29, in asyncpg.pgproto.pgproto.text_encode
  File "asyncpg\\pgproto\\./codecs/text.pyx", line 12, in asyncpg.pgproto.pgproto.as_pg_string_and_size
TypeError: expected str, got int

The above exception was the direct cause of the following exception:

Traceback (most recent call last):
  File "C:\Users\renat\OneDrive\Desktop\trainylics\backend\venv\Lib\site-packages\sqlalchemy\dialects\postgresql\asyncpg.py", line 550, in _prepare_and_execute
    self._rows = deque(await prepared_stmt.fetch(*parameters))
                       ^^^^^^^^^^^^^^^^^^^^^^^^^^^^^^^^^^^^^^
  File "C:\Users\renat\OneDrive\Desktop\trainylics\backend\venv\Lib\site-packages\asyncpg\prepared_stmt.py", line 176, in fetch
    data = await self.__bind_execute(args, 0, timeout)
           ^^^^^^^^^^^^^^^^^^^^^^^^^^^^^^^^^^^^^^^^^^^
  File "C:\Users\renat\OneDrive\Desktop\trainylics\backend\venv\Lib\site-packages\asyncpg\prepared_stmt.py", line 267, in __bind_execute
    data, status, _ = await self.__do_execute(
                      ^^^^^^^^^^^^^^^^^^^^^^^^
  File "C:\Users\renat\OneDrive\Desktop\trainylics\backend\venv\Lib\site-packages\asyncpg\prepared_stmt.py", line 256, in __do_execute
    return await executor(protocol)
           ^^^^^^^^^^^^^^^^^^^^^^^^
  File "asyncpg\\protocol\\protocol.pyx", line 185, in bind_execute
  File "asyncpg\\protocol\\prepared_stmt.pyx", line 204, in asyncpg.protocol.protocol.PreparedStatementState._encode_bind_msg
asyncpg.exceptions.DataError: invalid input for query argument $8: 3161 (expected str, got int)

The above exception was the direct cause of the following exception:

Traceback (most recent call last):
  File "C:\Users\renat\OneDrive\Desktop\trainylics\backend\venv\Lib\site-packages\sqlalchemy\engine\base.py", line 1967, in _exec_single_context
    self.dialect.do_execute(
  File "C:\Users\renat\OneDrive\Desktop\trainylics\backend\venv\Lib\site-packages\sqlalchemy\engine\default.py", line 951, in do_execute
    cursor.execute(statement, parameters)
  File "C:\Users\renat\OneDrive\Desktop\trainylics\backend\venv\Lib\site-packages\sqlalchemy\dialects\postgresql\asyncpg.py", line 585, in execute
    self._adapt_connection.await_(
  File "C:\Users\renat\OneDrive\Desktop\trainylics\backend\venv\Lib\site-packages\sqlalchemy\util\_concurrency_py3k.py", line 132, in await_only
    return current.parent.switch(awaitable)  # type: ignore[no-any-return,attr-defined] # noqa: E501
           ^^^^^^^^^^^^^^^^^^^^^^^^^^^^^^^^
  File "C:\Users\renat\OneDrive\Desktop\trainylics\backend\venv\Lib\site-packages\sqlalchemy\util\_concurrency_py3k.py", line 196, in greenlet_spawn
    value = await result
            ^^^^^^^^^^^^
  File "C:\Users\renat\OneDrive\Desktop\trainylics\backend\venv\Lib\site-packages\sqlalchemy\dialects\postgresql\asyncpg.py", line 563, in _prepare_and_execute
    self._handle_exception(error)
  File "C:\Users\renat\OneDrive\Desktop\trainylics\backend\venv\Lib\site-packages\sqlalchemy\dialects\postgresql\asyncpg.py", line 513, in _handle_exception
    self._adapt_connection._handle_exception(error)
  File "C:\Users\renat\OneDrive\Desktop\trainylics\backend\venv\Lib\site-packages\sqlalchemy\dialects\postgresql\asyncpg.py", line 797, in _handle_exception
    raise translated_error from error
sqlalchemy.dialects.postgresql.asyncpg.AsyncAdapt_asyncpg_dbapi.Error: <class 'asyncpg.exceptions.DataError'>: invalid input for query argument $8: 3161 (expected str, got int)

The above exception was the direct cause of the following exception:

Traceback (most recent call last):
  File "C:\Users\renat\OneDrive\Desktop\trainylics\backend\src\app\controller\prediction.py", line 285, in get_next_match_analysis
    our_stats = await get_team_avg_stats(list(matched_team_ids))
                ^^^^^^^^^^^^^^^^^^^^^^^^^^^^^^^^^^^^^^^^^^^^^^^^
  File "C:\Users\renat\OneDrive\Desktop\trainylics\backend\src\app\controller\prediction.py", line 239, in get_team_avg_stats
    res_played = await session.execute(stmt_played)
                 ^^^^^^^^^^^^^^^^^^^^^^^^^^^^^^^^^^
  File "C:\Users\renat\OneDrive\Desktop\trainylics\backend\venv\Lib\site-packages\sqlmodel\ext\asyncio\session.py", line 160, in execute
    return await super().execute(
           ^^^^^^^^^^^^^^^^^^^^^^
  File "C:\Users\renat\OneDrive\Desktop\trainylics\backend\venv\Lib\site-packages\sqlalchemy\ext\asyncio\session.py", line 449, in execute
    result = await greenlet_spawn(
             ^^^^^^^^^^^^^^^^^^^^^
  File "C:\Users\renat\OneDrive\Desktop\trainylics\backend\venv\Lib\site-packages\sqlalchemy\util\_concurrency_py3k.py", line 201, in greenlet_spawn
    result = context.throw(*sys.exc_info())
             ^^^^^^^^^^^^^^^^^^^^^^^^^^^^^^
  File "C:\Users\renat\OneDrive\Desktop\trainylics\backend\venv\Lib\site-packages\sqlmodel\orm\session.py", line 144, in execute
    return super().execute(
           ^^^^^^^^^^^^^^^^
  File "C:\Users\renat\OneDrive\Desktop\trainylics\backend\venv\Lib\site-packages\sqlalchemy\orm\session.py", line 2351, in execute
    return self._execute_internal(
           ^^^^^^^^^^^^^^^^^^^^^^^
  File "C:\Users\renat\OneDrive\Desktop\trainylics\backend\venv\Lib\site-packages\sqlalchemy\orm\session.py", line 2249, in _execute_internal
    result: Result[Any] = compile_state_cls.orm_execute_statement(
                          ^^^^^^^^^^^^^^^^^^^^^^^^^^^^^^^^^^^^^^^^
  File "C:\Users\renat\OneDrive\Desktop\trainylics\backend\venv\Lib\site-packages\sqlalchemy\orm\context.py", line 306, in orm_execute_statement
    result = conn.execute(
             ^^^^^^^^^^^^^
  File "C:\Users\renat\OneDrive\Desktop\trainylics\backend\venv\Lib\site-packages\sqlalchemy\engine\base.py", line 1419, in execute
    return meth(
           ^^^^^
  File "C:\Users\renat\OneDrive\Desktop\trainylics\backend\venv\Lib\site-packages\sqlalchemy\sql\elements.py", line 526, in _execute_on_connection
    return connection._execute_clauseelement(
           ^^^^^^^^^^^^^^^^^^^^^^^^^^^^^^^^^^
  File "C:\Users\renat\OneDrive\Desktop\trainylics\backend\venv\Lib\site-packages\sqlalchemy\engine\base.py", line 1641, in _execute_clauseelement
    ret = self._execute_context(
          ^^^^^^^^^^^^^^^^^^^^^^
  File "C:\Users\renat\OneDrive\Desktop\trainylics\backend\venv\Lib\site-packages\sqlalchemy\engine\base.py", line 1846, in _execute_context
    return self._exec_single_context(
           ^^^^^^^^^^^^^^^^^^^^^^^^^^
  File "C:\Users\renat\OneDrive\Desktop\trainylics\backend\venv\Lib\site-packages\sqlalchemy\engine\base.py", line 1986, in _exec_single_context
    self._handle_dbapi_exception(
  File "C:\Users\renat\OneDrive\Desktop\trainylics\backend\venv\Lib\site-packages\sqlalchemy\engine\base.py", line 2355, in _handle_dbapi_exception
    raise sqlalchemy_exception.with_traceback(exc_info[2]) from e
  File "C:\Users\renat\OneDrive\Desktop\trainylics\backend\venv\Lib\site-packages\sqlalchemy\engine\base.py", line 1967, in _exec_single_context
    self.dialect.do_execute(
  File "C:\Users\renat\OneDrive\Desktop\trainylics\backend\venv\Lib\site-packages\sqlalchemy\engine\default.py", line 951, in do_execute
    cursor.execute(statement, parameters)
  File "C:\Users\renat\OneDrive\Desktop\trainylics\backend\venv\Lib\site-packages\sqlalchemy\dialects\postgresql\asyncpg.py", line 585, in execute
    self._adapt_connection.await_(
  File "C:\Users\renat\OneDrive\Desktop\trainylics\backend\venv\Lib\site-packages\sqlalchemy\util\_concurrency_py3k.py", line 132, in await_only
    return current.parent.switch(awaitable)  # type: ignore[no-any-return,attr-defined] # noqa: E501
           ^^^^^^^^^^^^^^^^^^^^^^^^^^^^^^^^
  File "C:\Users\renat\OneDrive\Desktop\trainylics\backend\venv\Lib\site-packages\sqlalchemy\util\_concurrency_py3k.py", line 196, in greenlet_spawn
    value = await result
            ^^^^^^^^^^^^
  File "C:\Users\renat\OneDrive\Desktop\trainylics\backend\venv\Lib\site-packages\sqlalchemy\dialects\postgresql\asyncpg.py", line 563, in _prepare_and_execute
    self._handle_exception(error)
  File "C:\Users\renat\OneDrive\Desktop\trainylics\backend\venv\Lib\site-packages\sqlalchemy\dialects\postgresql\asyncpg.py", line 513, in _handle_exception
    self._adapt_connection._handle_exception(error)
  File "C:\Users\renat\OneDrive\Desktop\trainylics\backend\venv\Lib\site-packages\sqlalchemy\dialects\postgresql\asyncpg.py", line 797, in _handle_exception
    raise translated_error from error
sqlalchemy.exc.DBAPIError: (sqlalchemy.dialects.postgresql.asyncpg.Error) <class 'asyncpg.exceptions.DataError'>: invalid input for query argument $8: 3161 (expected str, got int)
[SQL: SELECT match.created_at, match.modified_at, match.date, match.round, match.home_goals, match.away_goals, match.possession_home, match.possession_away, match.shots_home, match.shots_away, match.shots_on_target_home, match.shots_on_target_away, match.corners_home, match.corners_away, match.xg_home, match.xg_away, match.league_id, match.home_team_id, match.away_team_id, match.id 
FROM match 
WHERE (match.home_team_id IN ($2::VARCHAR, $3::VARCHAR, $4::VARCHAR, $5::VARCHAR, $6::VARCHAR, $7::VARCHAR, $8::VARCHAR, $9::VARCHAR) OR match.away_team_id IN ($10::VARCHAR, $11::VARCHAR, $12::VARCHAR, $13::VARCHAR, $14::VARCHAR, $15::VARCHAR, $16::VARCHAR, $17::VARCHAR)) AND match.home_goals IS NOT NULL AND match.away_goals IS NOT NULL ORDER BY match.date DESC 
 LIMIT $1::INTEGER]
[parameters: (5, '3161', 'Universidad de Chile', 'dea519a2-f052-4209-b87c-288d18dc1954', 'dbe32e26-1812-49e5-bbdd-62d4a07c91e2', '022931ec-9714-49d7-9aa8-148de7c808a4', '88ffe2b7-fc56-4bcd-a4cb-c9e936597516', 3161, '23cc6c44-b1f1-4b01-bddb-fb981584d018', '3161', 'Universidad de Chile', 'dea519a2-f052-4209-b87c-288d18dc1954', 'dbe32e26-1812-49e5-bbdd-62d4a07c91e2', '022931ec-9714-49d7-9aa8-148de7c808a4', '88ffe2b7-fc56-4bcd-a4cb-c9e936597516', 3161, '23cc6c44-b1f1-4b01-bddb-fb981584d018')]
(Background on this error at: https://sqlalche.me/e/20/dbapi)


ERROR DETECTADO:
Traceback (most recent call last):
  File "asyncpg\\protocol\\prepared_stmt.pyx", line 175, in asyncpg.protocol.protocol.PreparedStatementState._encode_bind_msg
  File "asyncpg\\protocol\\codecs/base.pyx", line 227, in asyncpg.protocol.protocol.Codec.encode
  File "asyncpg\\protocol\\codecs/base.pyx", line 129, in asyncpg.protocol.protocol.Codec.encode_scalar
  File "asyncpg\\pgproto\\./codecs/text.pyx", line 29, in asyncpg.pgproto.pgproto.text_encode
  File "asyncpg\\pgproto\\./codecs/text.pyx", line 12, in asyncpg.pgproto.pgproto.as_pg_string_and_size
TypeError: expected str, got int

The above exception was the direct cause of the following exception:

Traceback (most recent call last):
  File "C:\Users\renat\OneDrive\Desktop\trainylics\backend\venv\Lib\site-packages\sqlalchemy\dialects\postgresql\asyncpg.py", line 550, in _prepare_and_execute
    self._rows = deque(await prepared_stmt.fetch(*parameters))
                       ^^^^^^^^^^^^^^^^^^^^^^^^^^^^^^^^^^^^^^
  File "C:\Users\renat\OneDrive\Desktop\trainylics\backend\venv\Lib\site-packages\asyncpg\prepared_stmt.py", line 176, in fetch
    data = await self.__bind_execute(args, 0, timeout)
           ^^^^^^^^^^^^^^^^^^^^^^^^^^^^^^^^^^^^^^^^^^^
  File "C:\Users\renat\OneDrive\Desktop\trainylics\backend\venv\Lib\site-packages\asyncpg\prepared_stmt.py", line 267, in __bind_execute
    data, status, _ = await self.__do_execute(
                      ^^^^^^^^^^^^^^^^^^^^^^^^
  File "C:\Users\renat\OneDrive\Desktop\trainylics\backend\venv\Lib\site-packages\asyncpg\prepared_stmt.py", line 256, in __do_execute
    return await executor(protocol)
           ^^^^^^^^^^^^^^^^^^^^^^^^
  File "asyncpg\\protocol\\protocol.pyx", line 185, in bind_execute
  File "asyncpg\\protocol\\prepared_stmt.pyx", line 204, in asyncpg.protocol.protocol.PreparedStatementState._encode_bind_msg
asyncpg.exceptions.DataError: invalid input for query argument $8: 3161 (expected str, got int)

The above exception was the direct cause of the following exception:

Traceback (most recent call last):
  File "C:\Users\renat\OneDrive\Desktop\trainylics\backend\venv\Lib\site-packages\sqlalchemy\engine\base.py", line 1967, in _exec_single_context
    self.dialect.do_execute(
  File "C:\Users\renat\OneDrive\Desktop\trainylics\backend\venv\Lib\site-packages\sqlalchemy\engine\default.py", line 951, in do_execute
    cursor.execute(statement, parameters)
  File "C:\Users\renat\OneDrive\Desktop\trainylics\backend\venv\Lib\site-packages\sqlalchemy\dialects\postgresql\asyncpg.py", line 585, in execute
    self._adapt_connection.await_(
  File "C:\Users\renat\OneDrive\Desktop\trainylics\backend\venv\Lib\site-packages\sqlalchemy\util\_concurrency_py3k.py", line 132, in await_only
    return current.parent.switch(awaitable)  # type: ignore[no-any-return,attr-defined] # noqa: E501
           ^^^^^^^^^^^^^^^^^^^^^^^^^^^^^^^^
  File "C:\Users\renat\OneDrive\Desktop\trainylics\backend\venv\Lib\site-packages\sqlalchemy\util\_concurrency_py3k.py", line 196, in greenlet_spawn
    value = await result
            ^^^^^^^^^^^^
  File "C:\Users\renat\OneDrive\Desktop\trainylics\backend\venv\Lib\site-packages\sqlalchemy\dialects\postgresql\asyncpg.py", line 563, in _prepare_and_execute
    self._handle_exception(error)
  File "C:\Users\renat\OneDrive\Desktop\trainylics\backend\venv\Lib\site-packages\sqlalchemy\dialects\postgresql\asyncpg.py", line 513, in _handle_exception
    self._adapt_connection._handle_exception(error)
  File "C:\Users\renat\OneDrive\Desktop\trainylics\backend\venv\Lib\site-packages\sqlalchemy\dialects\postgresql\asyncpg.py", line 797, in _handle_exception
    raise translated_error from error
sqlalchemy.dialects.postgresql.asyncpg.AsyncAdapt_asyncpg_dbapi.Error: <class 'asyncpg.exceptions.DataError'>: invalid input for query argument $8: 3161 (expected str, got int)

The above exception was the direct cause of the following exception:

Traceback (most recent call last):
  File "C:\Users\renat\OneDrive\Desktop\trainylics\backend\src\app\controller\prediction.py", line 285, in get_next_match_analysis
    our_stats = await get_team_avg_stats(list(matched_team_ids))
                ^^^^^^^^^^^^^^^^^^^^^^^^^^^^^^^^^^^^^^^^^^^^^^^^
  File "C:\Users\renat\OneDrive\Desktop\trainylics\backend\src\app\controller\prediction.py", line 239, in get_team_avg_stats
    res_played = await session.execute(stmt_played)
                 ^^^^^^^^^^^^^^^^^^^^^^^^^^^^^^^^^^
  File "C:\Users\renat\OneDrive\Desktop\trainylics\backend\venv\Lib\site-packages\sqlmodel\ext\asyncio\session.py", line 160, in execute
    return await super().execute(
           ^^^^^^^^^^^^^^^^^^^^^^
  File "C:\Users\renat\OneDrive\Desktop\trainylics\backend\venv\Lib\site-packages\sqlalchemy\ext\asyncio\session.py", line 449, in execute
    result = await greenlet_spawn(
             ^^^^^^^^^^^^^^^^^^^^^
  File "C:\Users\renat\OneDrive\Desktop\trainylics\backend\venv\Lib\site-packages\sqlalchemy\util\_concurrency_py3k.py", line 201, in greenlet_spawn
    result = context.throw(*sys.exc_info())
             ^^^^^^^^^^^^^^^^^^^^^^^^^^^^^^
  File "C:\Users\renat\OneDrive\Desktop\trainylics\backend\venv\Lib\site-packages\sqlmodel\orm\session.py", line 144, in execute
    return super().execute(
           ^^^^^^^^^^^^^^^^
  File "C:\Users\renat\OneDrive\Desktop\trainylics\backend\venv\Lib\site-packages\sqlalchemy\orm\session.py", line 2351, in execute
    return self._execute_internal(
           ^^^^^^^^^^^^^^^^^^^^^^^
  File "C:\Users\renat\OneDrive\Desktop\trainylics\backend\venv\Lib\site-packages\sqlalchemy\orm\session.py", line 2249, in _execute_internal
    result: Result[Any] = compile_state_cls.orm_execute_statement(
                          ^^^^^^^^^^^^^^^^^^^^^^^^^^^^^^^^^^^^^^^^
  File "C:\Users\renat\OneDrive\Desktop\trainylics\backend\venv\Lib\site-packages\sqlalchemy\orm\context.py", line 306, in orm_execute_statement
    result = conn.execute(
             ^^^^^^^^^^^^^
  File "C:\Users\renat\OneDrive\Desktop\trainylics\backend\venv\Lib\site-packages\sqlalchemy\engine\base.py", line 1419, in execute
    return meth(
           ^^^^^
  File "C:\Users\renat\OneDrive\Desktop\trainylics\backend\venv\Lib\site-packages\sqlalchemy\sql\elements.py", line 526, in _execute_on_connection
    return connection._execute_clauseelement(
           ^^^^^^^^^^^^^^^^^^^^^^^^^^^^^^^^^^
  File "C:\Users\renat\OneDrive\Desktop\trainylics\backend\venv\Lib\site-packages\sqlalchemy\engine\base.py", line 1641, in _execute_clauseelement
    ret = self._execute_context(
          ^^^^^^^^^^^^^^^^^^^^^^
  File "C:\Users\renat\OneDrive\Desktop\trainylics\backend\venv\Lib\site-packages\sqlalchemy\engine\base.py", line 1846, in _execute_context
    return self._exec_single_context(
           ^^^^^^^^^^^^^^^^^^^^^^^^^^
  File "C:\Users\renat\OneDrive\Desktop\trainylics\backend\venv\Lib\site-packages\sqlalchemy\engine\base.py", line 1986, in _exec_single_context
    self._handle_dbapi_exception(
  File "C:\Users\renat\OneDrive\Desktop\trainylics\backend\venv\Lib\site-packages\sqlalchemy\engine\base.py", line 2355, in _handle_dbapi_exception
    raise sqlalchemy_exception.with_traceback(exc_info[2]) from e
  File "C:\Users\renat\OneDrive\Desktop\trainylics\backend\venv\Lib\site-packages\sqlalchemy\engine\base.py", line 1967, in _exec_single_context
    self.dialect.do_execute(
  File "C:\Users\renat\OneDrive\Desktop\trainylics\backend\venv\Lib\site-packages\sqlalchemy\engine\default.py", line 951, in do_execute
    cursor.execute(statement, parameters)
  File "C:\Users\renat\OneDrive\Desktop\trainylics\backend\venv\Lib\site-packages\sqlalchemy\dialects\postgresql\asyncpg.py", line 585, in execute
    self._adapt_connection.await_(
  File "C:\Users\renat\OneDrive\Desktop\trainylics\backend\venv\Lib\site-packages\sqlalchemy\util\_concurrency_py3k.py", line 132, in await_only
    return current.parent.switch(awaitable)  # type: ignore[no-any-return,attr-defined] # noqa: E501
           ^^^^^^^^^^^^^^^^^^^^^^^^^^^^^^^^
  File "C:\Users\renat\OneDrive\Desktop\trainylics\backend\venv\Lib\site-packages\sqlalchemy\util\_concurrency_py3k.py", line 196, in greenlet_spawn
    value = await result
            ^^^^^^^^^^^^
  File "C:\Users\renat\OneDrive\Desktop\trainylics\backend\venv\Lib\site-packages\sqlalchemy\dialects\postgresql\asyncpg.py", line 563, in _prepare_and_execute
    self._handle_exception(error)
  File "C:\Users\renat\OneDrive\Desktop\trainylics\backend\venv\Lib\site-packages\sqlalchemy\dialects\postgresql\asyncpg.py", line 513, in _handle_exception
    self._adapt_connection._handle_exception(error)
  File "C:\Users\renat\OneDrive\Desktop\trainylics\backend\venv\Lib\site-packages\sqlalchemy\dialects\postgresql\asyncpg.py", line 797, in _handle_exception
    raise translated_error from error
sqlalchemy.exc.DBAPIError: (sqlalchemy.dialects.postgresql.asyncpg.Error) <class 'asyncpg.exceptions.DataError'>: invalid input for query argument $8: 3161 (expected str, got int)
[SQL: SELECT match.created_at, match.modified_at, match.date, match.round, match.home_goals, match.away_goals, match.possession_home, match.possession_away, match.shots_home, match.shots_away, match.shots_on_target_home, match.shots_on_target_away, match.corners_home, match.corners_away, match.xg_home, match.xg_away, match.league_id, match.home_team_id, match.away_team_id, match.id 
FROM match 
WHERE (match.home_team_id IN ($2::VARCHAR, $3::VARCHAR, $4::VARCHAR, $5::VARCHAR, $6::VARCHAR, $7::VARCHAR, $8::VARCHAR, $9::VARCHAR) OR match.away_team_id IN ($10::VARCHAR, $11::VARCHAR, $12::VARCHAR, $13::VARCHAR, $14::VARCHAR, $15::VARCHAR, $16::VARCHAR, $17::VARCHAR)) AND match.home_goals IS NOT NULL AND match.away_goals IS NOT NULL ORDER BY match.date DESC 
 LIMIT $1::INTEGER]
[parameters: (5, '3161', 'Universidad de Chile', 'dea519a2-f052-4209-b87c-288d18dc1954', 'dbe32e26-1812-49e5-bbdd-62d4a07c91e2', '022931ec-9714-49d7-9aa8-148de7c808a4', '88ffe2b7-fc56-4bcd-a4cb-c9e936597516', 3161, '23cc6c44-b1f1-4b01-bddb-fb981584d018', '3161', 'Universidad de Chile', 'dea519a2-f052-4209-b87c-288d18dc1954', 'dbe32e26-1812-49e5-bbdd-62d4a07c91e2', '022931ec-9714-49d7-9aa8-148de7c808a4', '88ffe2b7-fc56-4bcd-a4cb-c9e936597516', 3161, '23cc6c44-b1f1-4b01-bddb-fb981584d018')]
(Background on this error at: https://sqlalche.me/e/20/dbapi)


ERROR DETECTADO:
Traceback (most recent call last):
  File "asyncpg\\protocol\\prepared_stmt.pyx", line 175, in asyncpg.protocol.protocol.PreparedStatementState._encode_bind_msg
  File "asyncpg\\protocol\\codecs/base.pyx", line 227, in asyncpg.protocol.protocol.Codec.encode
  File "asyncpg\\protocol\\codecs/base.pyx", line 129, in asyncpg.protocol.protocol.Codec.encode_scalar
  File "asyncpg\\pgproto\\./codecs/text.pyx", line 29, in asyncpg.pgproto.pgproto.text_encode
  File "asyncpg\\pgproto\\./codecs/text.pyx", line 12, in asyncpg.pgproto.pgproto.as_pg_string_and_size
TypeError: expected str, got int

The above exception was the direct cause of the following exception:

Traceback (most recent call last):
  File "C:\Users\renat\OneDrive\Desktop\trainylics\backend\venv\Lib\site-packages\sqlalchemy\dialects\postgresql\asyncpg.py", line 550, in _prepare_and_execute
    self._rows = deque(await prepared_stmt.fetch(*parameters))
                       ^^^^^^^^^^^^^^^^^^^^^^^^^^^^^^^^^^^^^^
  File "C:\Users\renat\OneDrive\Desktop\trainylics\backend\venv\Lib\site-packages\asyncpg\prepared_stmt.py", line 176, in fetch
    data = await self.__bind_execute(args, 0, timeout)
           ^^^^^^^^^^^^^^^^^^^^^^^^^^^^^^^^^^^^^^^^^^^
  File "C:\Users\renat\OneDrive\Desktop\trainylics\backend\venv\Lib\site-packages\asyncpg\prepared_stmt.py", line 267, in __bind_execute
    data, status, _ = await self.__do_execute(
                      ^^^^^^^^^^^^^^^^^^^^^^^^
  File "C:\Users\renat\OneDrive\Desktop\trainylics\backend\venv\Lib\site-packages\asyncpg\prepared_stmt.py", line 256, in __do_execute
    return await executor(protocol)
           ^^^^^^^^^^^^^^^^^^^^^^^^
  File "asyncpg\\protocol\\protocol.pyx", line 185, in bind_execute
  File "asyncpg\\protocol\\prepared_stmt.pyx", line 204, in asyncpg.protocol.protocol.PreparedStatementState._encode_bind_msg
asyncpg.exceptions.DataError: invalid input for query argument $8: 3161 (expected str, got int)

The above exception was the direct cause of the following exception:

Traceback (most recent call last):
  File "C:\Users\renat\OneDrive\Desktop\trainylics\backend\venv\Lib\site-packages\sqlalchemy\engine\base.py", line 1967, in _exec_single_context
    self.dialect.do_execute(
  File "C:\Users\renat\OneDrive\Desktop\trainylics\backend\venv\Lib\site-packages\sqlalchemy\engine\default.py", line 951, in do_execute
    cursor.execute(statement, parameters)
  File "C:\Users\renat\OneDrive\Desktop\trainylics\backend\venv\Lib\site-packages\sqlalchemy\dialects\postgresql\asyncpg.py", line 585, in execute
    self._adapt_connection.await_(
  File "C:\Users\renat\OneDrive\Desktop\trainylics\backend\venv\Lib\site-packages\sqlalchemy\util\_concurrency_py3k.py", line 132, in await_only
    return current.parent.switch(awaitable)  # type: ignore[no-any-return,attr-defined] # noqa: E501
           ^^^^^^^^^^^^^^^^^^^^^^^^^^^^^^^^
  File "C:\Users\renat\OneDrive\Desktop\trainylics\backend\venv\Lib\site-packages\sqlalchemy\util\_concurrency_py3k.py", line 196, in greenlet_spawn
    value = await result
            ^^^^^^^^^^^^
  File "C:\Users\renat\OneDrive\Desktop\trainylics\backend\venv\Lib\site-packages\sqlalchemy\dialects\postgresql\asyncpg.py", line 563, in _prepare_and_execute
    self._handle_exception(error)
  File "C:\Users\renat\OneDrive\Desktop\trainylics\backend\venv\Lib\site-packages\sqlalchemy\dialects\postgresql\asyncpg.py", line 513, in _handle_exception
    self._adapt_connection._handle_exception(error)
  File "C:\Users\renat\OneDrive\Desktop\trainylics\backend\venv\Lib\site-packages\sqlalchemy\dialects\postgresql\asyncpg.py", line 797, in _handle_exception
    raise translated_error from error
sqlalchemy.dialects.postgresql.asyncpg.AsyncAdapt_asyncpg_dbapi.Error: <class 'asyncpg.exceptions.DataError'>: invalid input for query argument $8: 3161 (expected str, got int)

The above exception was the direct cause of the following exception:

Traceback (most recent call last):
  File "C:\Users\renat\OneDrive\Desktop\trainylics\backend\src\app\controller\prediction.py", line 285, in get_next_match_analysis
    our_stats = await get_team_avg_stats(list(matched_team_ids))
                ^^^^^^^^^^^^^^^^^^^^^^^^^^^^^^^^^^^^^^^^^^^^^^^^
  File "C:\Users\renat\OneDrive\Desktop\trainylics\backend\src\app\controller\prediction.py", line 239, in get_team_avg_stats
    res_played = await session.execute(stmt_played)
                 ^^^^^^^^^^^^^^^^^^^^^^^^^^^^^^^^^^
  File "C:\Users\renat\OneDrive\Desktop\trainylics\backend\venv\Lib\site-packages\sqlmodel\ext\asyncio\session.py", line 160, in execute
    return await super().execute(
           ^^^^^^^^^^^^^^^^^^^^^^
  File "C:\Users\renat\OneDrive\Desktop\trainylics\backend\venv\Lib\site-packages\sqlalchemy\ext\asyncio\session.py", line 449, in execute
    result = await greenlet_spawn(
             ^^^^^^^^^^^^^^^^^^^^^
  File "C:\Users\renat\OneDrive\Desktop\trainylics\backend\venv\Lib\site-packages\sqlalchemy\util\_concurrency_py3k.py", line 201, in greenlet_spawn
    result = context.throw(*sys.exc_info())
             ^^^^^^^^^^^^^^^^^^^^^^^^^^^^^^
  File "C:\Users\renat\OneDrive\Desktop\trainylics\backend\venv\Lib\site-packages\sqlmodel\orm\session.py", line 144, in execute
    return super().execute(
           ^^^^^^^^^^^^^^^^
  File "C:\Users\renat\OneDrive\Desktop\trainylics\backend\venv\Lib\site-packages\sqlalchemy\orm\session.py", line 2351, in execute
    return self._execute_internal(
           ^^^^^^^^^^^^^^^^^^^^^^^
  File "C:\Users\renat\OneDrive\Desktop\trainylics\backend\venv\Lib\site-packages\sqlalchemy\orm\session.py", line 2249, in _execute_internal
    result: Result[Any] = compile_state_cls.orm_execute_statement(
                          ^^^^^^^^^^^^^^^^^^^^^^^^^^^^^^^^^^^^^^^^
  File "C:\Users\renat\OneDrive\Desktop\trainylics\backend\venv\Lib\site-packages\sqlalchemy\orm\context.py", line 306, in orm_execute_statement
    result = conn.execute(
             ^^^^^^^^^^^^^
  File "C:\Users\renat\OneDrive\Desktop\trainylics\backend\venv\Lib\site-packages\sqlalchemy\engine\base.py", line 1419, in execute
    return meth(
           ^^^^^
  File "C:\Users\renat\OneDrive\Desktop\trainylics\backend\venv\Lib\site-packages\sqlalchemy\sql\elements.py", line 526, in _execute_on_connection
    return connection._execute_clauseelement(
           ^^^^^^^^^^^^^^^^^^^^^^^^^^^^^^^^^^
  File "C:\Users\renat\OneDrive\Desktop\trainylics\backend\venv\Lib\site-packages\sqlalchemy\engine\base.py", line 1641, in _execute_clauseelement
    ret = self._execute_context(
          ^^^^^^^^^^^^^^^^^^^^^^
  File "C:\Users\renat\OneDrive\Desktop\trainylics\backend\venv\Lib\site-packages\sqlalchemy\engine\base.py", line 1846, in _execute_context
    return self._exec_single_context(
           ^^^^^^^^^^^^^^^^^^^^^^^^^^
  File "C:\Users\renat\OneDrive\Desktop\trainylics\backend\venv\Lib\site-packages\sqlalchemy\engine\base.py", line 1986, in _exec_single_context
    self._handle_dbapi_exception(
  File "C:\Users\renat\OneDrive\Desktop\trainylics\backend\venv\Lib\site-packages\sqlalchemy\engine\base.py", line 2355, in _handle_dbapi_exception
    raise sqlalchemy_exception.with_traceback(exc_info[2]) from e
  File "C:\Users\renat\OneDrive\Desktop\trainylics\backend\venv\Lib\site-packages\sqlalchemy\engine\base.py", line 1967, in _exec_single_context
    self.dialect.do_execute(
  File "C:\Users\renat\OneDrive\Desktop\trainylics\backend\venv\Lib\site-packages\sqlalchemy\engine\default.py", line 951, in do_execute
    cursor.execute(statement, parameters)
  File "C:\Users\renat\OneDrive\Desktop\trainylics\backend\venv\Lib\site-packages\sqlalchemy\dialects\postgresql\asyncpg.py", line 585, in execute
    self._adapt_connection.await_(
  File "C:\Users\renat\OneDrive\Desktop\trainylics\backend\venv\Lib\site-packages\sqlalchemy\util\_concurrency_py3k.py", line 132, in await_only
    return current.parent.switch(awaitable)  # type: ignore[no-any-return,attr-defined] # noqa: E501
           ^^^^^^^^^^^^^^^^^^^^^^^^^^^^^^^^
  File "C:\Users\renat\OneDrive\Desktop\trainylics\backend\venv\Lib\site-packages\sqlalchemy\util\_concurrency_py3k.py", line 196, in greenlet_spawn
    value = await result
            ^^^^^^^^^^^^
  File "C:\Users\renat\OneDrive\Desktop\trainylics\backend\venv\Lib\site-packages\sqlalchemy\dialects\postgresql\asyncpg.py", line 563, in _prepare_and_execute
    self._handle_exception(error)
  File "C:\Users\renat\OneDrive\Desktop\trainylics\backend\venv\Lib\site-packages\sqlalchemy\dialects\postgresql\asyncpg.py", line 513, in _handle_exception
    self._adapt_connection._handle_exception(error)
  File "C:\Users\renat\OneDrive\Desktop\trainylics\backend\venv\Lib\site-packages\sqlalchemy\dialects\postgresql\asyncpg.py", line 797, in _handle_exception
    raise translated_error from error
sqlalchemy.exc.DBAPIError: (sqlalchemy.dialects.postgresql.asyncpg.Error) <class 'asyncpg.exceptions.DataError'>: invalid input for query argument $8: 3161 (expected str, got int)
[SQL: SELECT match.created_at, match.modified_at, match.date, match.round, match.home_goals, match.away_goals, match.possession_home, match.possession_away, match.shots_home, match.shots_away, match.shots_on_target_home, match.shots_on_target_away, match.corners_home, match.corners_away, match.xg_home, match.xg_away, match.league_id, match.home_team_id, match.away_team_id, match.id 
FROM match 
WHERE (match.home_team_id IN ($2::VARCHAR, $3::VARCHAR, $4::VARCHAR, $5::VARCHAR, $6::VARCHAR, $7::VARCHAR, $8::VARCHAR, $9::VARCHAR) OR match.away_team_id IN ($10::VARCHAR, $11::VARCHAR, $12::VARCHAR, $13::VARCHAR, $14::VARCHAR, $15::VARCHAR, $16::VARCHAR, $17::VARCHAR)) AND match.home_goals IS NOT NULL AND match.away_goals IS NOT NULL ORDER BY match.date DESC 
 LIMIT $1::INTEGER]
[parameters: (5, '3161', 'Universidad de Chile', 'dea519a2-f052-4209-b87c-288d18dc1954', 'dbe32e26-1812-49e5-bbdd-62d4a07c91e2', '022931ec-9714-49d7-9aa8-148de7c808a4', '88ffe2b7-fc56-4bcd-a4cb-c9e936597516', 3161, '23cc6c44-b1f1-4b01-bddb-fb981584d018', '3161', 'Universidad de Chile', 'dea519a2-f052-4209-b87c-288d18dc1954', 'dbe32e26-1812-49e5-bbdd-62d4a07c91e2', '022931ec-9714-49d7-9aa8-148de7c808a4', '88ffe2b7-fc56-4bcd-a4cb-c9e936597516', 3161, '23cc6c44-b1f1-4b01-bddb-fb981584d018')]
(Background on this error at: https://sqlalche.me/e/20/dbapi)


ERROR DETECTADO:
Traceback (most recent call last):
  File "asyncpg\\protocol\\prepared_stmt.pyx", line 175, in asyncpg.protocol.protocol.PreparedStatementState._encode_bind_msg
  File "asyncpg\\protocol\\codecs/base.pyx", line 227, in asyncpg.protocol.protocol.Codec.encode
  File "asyncpg\\protocol\\codecs/base.pyx", line 129, in asyncpg.protocol.protocol.Codec.encode_scalar
  File "asyncpg\\pgproto\\./codecs/text.pyx", line 29, in asyncpg.pgproto.pgproto.text_encode
  File "asyncpg\\pgproto\\./codecs/text.pyx", line 12, in asyncpg.pgproto.pgproto.as_pg_string_and_size
TypeError: expected str, got int

The above exception was the direct cause of the following exception:

Traceback (most recent call last):
  File "C:\Users\renat\OneDrive\Desktop\trainylics\backend\venv\Lib\site-packages\sqlalchemy\dialects\postgresql\asyncpg.py", line 550, in _prepare_and_execute
    self._rows = deque(await prepared_stmt.fetch(*parameters))
                       ^^^^^^^^^^^^^^^^^^^^^^^^^^^^^^^^^^^^^^
  File "C:\Users\renat\OneDrive\Desktop\trainylics\backend\venv\Lib\site-packages\asyncpg\prepared_stmt.py", line 176, in fetch
    data = await self.__bind_execute(args, 0, timeout)
           ^^^^^^^^^^^^^^^^^^^^^^^^^^^^^^^^^^^^^^^^^^^
  File "C:\Users\renat\OneDrive\Desktop\trainylics\backend\venv\Lib\site-packages\asyncpg\prepared_stmt.py", line 267, in __bind_execute
    data, status, _ = await self.__do_execute(
                      ^^^^^^^^^^^^^^^^^^^^^^^^
  File "C:\Users\renat\OneDrive\Desktop\trainylics\backend\venv\Lib\site-packages\asyncpg\prepared_stmt.py", line 256, in __do_execute
    return await executor(protocol)
           ^^^^^^^^^^^^^^^^^^^^^^^^
  File "asyncpg\\protocol\\protocol.pyx", line 185, in bind_execute
  File "asyncpg\\protocol\\prepared_stmt.pyx", line 204, in asyncpg.protocol.protocol.PreparedStatementState._encode_bind_msg
asyncpg.exceptions.DataError: invalid input for query argument $9: 3161 (expected str, got int)

The above exception was the direct cause of the following exception:

Traceback (most recent call last):
  File "C:\Users\renat\OneDrive\Desktop\trainylics\backend\venv\Lib\site-packages\sqlalchemy\engine\base.py", line 1967, in _exec_single_context
    self.dialect.do_execute(
  File "C:\Users\renat\OneDrive\Desktop\trainylics\backend\venv\Lib\site-packages\sqlalchemy\engine\default.py", line 951, in do_execute
    cursor.execute(statement, parameters)
  File "C:\Users\renat\OneDrive\Desktop\trainylics\backend\venv\Lib\site-packages\sqlalchemy\dialects\postgresql\asyncpg.py", line 585, in execute
    self._adapt_connection.await_(
  File "C:\Users\renat\OneDrive\Desktop\trainylics\backend\venv\Lib\site-packages\sqlalchemy\util\_concurrency_py3k.py", line 132, in await_only
    return current.parent.switch(awaitable)  # type: ignore[no-any-return,attr-defined] # noqa: E501
           ^^^^^^^^^^^^^^^^^^^^^^^^^^^^^^^^
  File "C:\Users\renat\OneDrive\Desktop\trainylics\backend\venv\Lib\site-packages\sqlalchemy\util\_concurrency_py3k.py", line 196, in greenlet_spawn
    value = await result
            ^^^^^^^^^^^^
  File "C:\Users\renat\OneDrive\Desktop\trainylics\backend\venv\Lib\site-packages\sqlalchemy\dialects\postgresql\asyncpg.py", line 563, in _prepare_and_execute
    self._handle_exception(error)
  File "C:\Users\renat\OneDrive\Desktop\trainylics\backend\venv\Lib\site-packages\sqlalchemy\dialects\postgresql\asyncpg.py", line 513, in _handle_exception
    self._adapt_connection._handle_exception(error)
  File "C:\Users\renat\OneDrive\Desktop\trainylics\backend\venv\Lib\site-packages\sqlalchemy\dialects\postgresql\asyncpg.py", line 797, in _handle_exception
    raise translated_error from error
sqlalchemy.dialects.postgresql.asyncpg.AsyncAdapt_asyncpg_dbapi.Error: <class 'asyncpg.exceptions.DataError'>: invalid input for query argument $9: 3161 (expected str, got int)

The above exception was the direct cause of the following exception:

Traceback (most recent call last):
  File "C:\Users\renat\OneDrive\Desktop\trainylics\backend\src\app\controller\prediction.py", line 285, in get_next_match_analysis
    our_stats = await get_team_avg_stats(list(matched_team_ids))
                ^^^^^^^^^^^^^^^^^^^^^^^^^^^^^^^^^^^^^^^^^^^^^^^^
  File "C:\Users\renat\OneDrive\Desktop\trainylics\backend\src\app\controller\prediction.py", line 239, in get_team_avg_stats
    res_played = await session.execute(stmt_played)
                 ^^^^^^^^^^^^^^^^^^^^^^^^^^^^^^^^^^
  File "C:\Users\renat\OneDrive\Desktop\trainylics\backend\venv\Lib\site-packages\sqlmodel\ext\asyncio\session.py", line 160, in execute
    return await super().execute(
           ^^^^^^^^^^^^^^^^^^^^^^
  File "C:\Users\renat\OneDrive\Desktop\trainylics\backend\venv\Lib\site-packages\sqlalchemy\ext\asyncio\session.py", line 449, in execute
    result = await greenlet_spawn(
             ^^^^^^^^^^^^^^^^^^^^^
  File "C:\Users\renat\OneDrive\Desktop\trainylics\backend\venv\Lib\site-packages\sqlalchemy\util\_concurrency_py3k.py", line 201, in greenlet_spawn
    result = context.throw(*sys.exc_info())
             ^^^^^^^^^^^^^^^^^^^^^^^^^^^^^^
  File "C:\Users\renat\OneDrive\Desktop\trainylics\backend\venv\Lib\site-packages\sqlmodel\orm\session.py", line 144, in execute
    return super().execute(
           ^^^^^^^^^^^^^^^^
  File "C:\Users\renat\OneDrive\Desktop\trainylics\backend\venv\Lib\site-packages\sqlalchemy\orm\session.py", line 2351, in execute
    return self._execute_internal(
           ^^^^^^^^^^^^^^^^^^^^^^^
  File "C:\Users\renat\OneDrive\Desktop\trainylics\backend\venv\Lib\site-packages\sqlalchemy\orm\session.py", line 2249, in _execute_internal
    result: Result[Any] = compile_state_cls.orm_execute_statement(
                          ^^^^^^^^^^^^^^^^^^^^^^^^^^^^^^^^^^^^^^^^
  File "C:\Users\renat\OneDrive\Desktop\trainylics\backend\venv\Lib\site-packages\sqlalchemy\orm\context.py", line 306, in orm_execute_statement
    result = conn.execute(
             ^^^^^^^^^^^^^
  File "C:\Users\renat\OneDrive\Desktop\trainylics\backend\venv\Lib\site-packages\sqlalchemy\engine\base.py", line 1419, in execute
    return meth(
           ^^^^^
  File "C:\Users\renat\OneDrive\Desktop\trainylics\backend\venv\Lib\site-packages\sqlalchemy\sql\elements.py", line 526, in _execute_on_connection
    return connection._execute_clauseelement(
           ^^^^^^^^^^^^^^^^^^^^^^^^^^^^^^^^^^
  File "C:\Users\renat\OneDrive\Desktop\trainylics\backend\venv\Lib\site-packages\sqlalchemy\engine\base.py", line 1641, in _execute_clauseelement
    ret = self._execute_context(
          ^^^^^^^^^^^^^^^^^^^^^^
  File "C:\Users\renat\OneDrive\Desktop\trainylics\backend\venv\Lib\site-packages\sqlalchemy\engine\base.py", line 1846, in _execute_context
    return self._exec_single_context(
           ^^^^^^^^^^^^^^^^^^^^^^^^^^
  File "C:\Users\renat\OneDrive\Desktop\trainylics\backend\venv\Lib\site-packages\sqlalchemy\engine\base.py", line 1986, in _exec_single_context
    self._handle_dbapi_exception(
  File "C:\Users\renat\OneDrive\Desktop\trainylics\backend\venv\Lib\site-packages\sqlalchemy\engine\base.py", line 2355, in _handle_dbapi_exception
    raise sqlalchemy_exception.with_traceback(exc_info[2]) from e
  File "C:\Users\renat\OneDrive\Desktop\trainylics\backend\venv\Lib\site-packages\sqlalchemy\engine\base.py", line 1967, in _exec_single_context
    self.dialect.do_execute(
  File "C:\Users\renat\OneDrive\Desktop\trainylics\backend\venv\Lib\site-packages\sqlalchemy\engine\default.py", line 951, in do_execute
    cursor.execute(statement, parameters)
  File "C:\Users\renat\OneDrive\Desktop\trainylics\backend\venv\Lib\site-packages\sqlalchemy\dialects\postgresql\asyncpg.py", line 585, in execute
    self._adapt_connection.await_(
  File "C:\Users\renat\OneDrive\Desktop\trainylics\backend\venv\Lib\site-packages\sqlalchemy\util\_concurrency_py3k.py", line 132, in await_only
    return current.parent.switch(awaitable)  # type: ignore[no-any-return,attr-defined] # noqa: E501
           ^^^^^^^^^^^^^^^^^^^^^^^^^^^^^^^^
  File "C:\Users\renat\OneDrive\Desktop\trainylics\backend\venv\Lib\site-packages\sqlalchemy\util\_concurrency_py3k.py", line 196, in greenlet_spawn
    value = await result
            ^^^^^^^^^^^^
  File "C:\Users\renat\OneDrive\Desktop\trainylics\backend\venv\Lib\site-packages\sqlalchemy\dialects\postgresql\asyncpg.py", line 563, in _prepare_and_execute
    self._handle_exception(error)
  File "C:\Users\renat\OneDrive\Desktop\trainylics\backend\venv\Lib\site-packages\sqlalchemy\dialects\postgresql\asyncpg.py", line 513, in _handle_exception
    self._adapt_connection._handle_exception(error)
  File "C:\Users\renat\OneDrive\Desktop\trainylics\backend\venv\Lib\site-packages\sqlalchemy\dialects\postgresql\asyncpg.py", line 797, in _handle_exception
    raise translated_error from error
sqlalchemy.exc.DBAPIError: (sqlalchemy.dialects.postgresql.asyncpg.Error) <class 'asyncpg.exceptions.DataError'>: invalid input for query argument $9: 3161 (expected str, got int)
[SQL: SELECT match.created_at, match.modified_at, match.date, match.round, match.home_goals, match.away_goals, match.possession_home, match.possession_away, match.shots_home, match.shots_away, match.shots_on_target_home, match.shots_on_target_away, match.corners_home, match.corners_away, match.xg_home, match.xg_away, match.league_id, match.home_team_id, match.away_team_id, match.id 
FROM match 
WHERE (match.home_team_id IN ($2::VARCHAR, $3::VARCHAR, $4::VARCHAR, $5::VARCHAR, $6::VARCHAR, $7::VARCHAR, $8::VARCHAR, $9::VARCHAR) OR match.away_team_id IN ($10::VARCHAR, $11::VARCHAR, $12::VARCHAR, $13::VARCHAR, $14::VARCHAR, $15::VARCHAR, $16::VARCHAR, $17::VARCHAR)) AND match.home_goals IS NOT NULL AND match.away_goals IS NOT NULL ORDER BY match.date DESC 
 LIMIT $1::INTEGER]
[parameters: (5, 'dea519a2-f052-4209-b87c-288d18dc1954', '88ffe2b7-fc56-4bcd-a4cb-c9e936597516', '23cc6c44-b1f1-4b01-bddb-fb981584d018', 'Universidad de Chile', '3161', '022931ec-9714-49d7-9aa8-148de7c808a4', 'dbe32e26-1812-49e5-bbdd-62d4a07c91e2', 3161, 'dea519a2-f052-4209-b87c-288d18dc1954', '88ffe2b7-fc56-4bcd-a4cb-c9e936597516', '23cc6c44-b1f1-4b01-bddb-fb981584d018', 'Universidad de Chile', '3161', '022931ec-9714-49d7-9aa8-148de7c808a4', 'dbe32e26-1812-49e5-bbdd-62d4a07c91e2', 3161)]
(Background on this error at: https://sqlalche.me/e/20/dbapi)


ERROR DETECTADO:
Traceback (most recent call last):
  File "asyncpg\\protocol\\prepared_stmt.pyx", line 175, in asyncpg.protocol.protocol.PreparedStatementState._encode_bind_msg
  File "asyncpg\\protocol\\codecs/base.pyx", line 227, in asyncpg.protocol.protocol.Codec.encode
  File "asyncpg\\protocol\\codecs/base.pyx", line 129, in asyncpg.protocol.protocol.Codec.encode_scalar
  File "asyncpg\\pgproto\\./codecs/text.pyx", line 29, in asyncpg.pgproto.pgproto.text_encode
  File "asyncpg\\pgproto\\./codecs/text.pyx", line 12, in asyncpg.pgproto.pgproto.as_pg_string_and_size
TypeError: expected str, got int

The above exception was the direct cause of the following exception:

Traceback (most recent call last):
  File "C:\Users\renat\OneDrive\Desktop\trainylics\backend\venv\Lib\site-packages\sqlalchemy\dialects\postgresql\asyncpg.py", line 550, in _prepare_and_execute
    self._rows = deque(await prepared_stmt.fetch(*parameters))
                       ^^^^^^^^^^^^^^^^^^^^^^^^^^^^^^^^^^^^^^
  File "C:\Users\renat\OneDrive\Desktop\trainylics\backend\venv\Lib\site-packages\asyncpg\prepared_stmt.py", line 176, in fetch
    data = await self.__bind_execute(args, 0, timeout)
           ^^^^^^^^^^^^^^^^^^^^^^^^^^^^^^^^^^^^^^^^^^^
  File "C:\Users\renat\OneDrive\Desktop\trainylics\backend\venv\Lib\site-packages\asyncpg\prepared_stmt.py", line 267, in __bind_execute
    data, status, _ = await self.__do_execute(
                      ^^^^^^^^^^^^^^^^^^^^^^^^
  File "C:\Users\renat\OneDrive\Desktop\trainylics\backend\venv\Lib\site-packages\asyncpg\prepared_stmt.py", line 256, in __do_execute
    return await executor(protocol)
           ^^^^^^^^^^^^^^^^^^^^^^^^
  File "asyncpg\\protocol\\protocol.pyx", line 185, in bind_execute
  File "asyncpg\\protocol\\prepared_stmt.pyx", line 204, in asyncpg.protocol.protocol.PreparedStatementState._encode_bind_msg
asyncpg.exceptions.DataError: invalid input for query argument $9: 3161 (expected str, got int)

The above exception was the direct cause of the following exception:

Traceback (most recent call last):
  File "C:\Users\renat\OneDrive\Desktop\trainylics\backend\venv\Lib\site-packages\sqlalchemy\engine\base.py", line 1967, in _exec_single_context
    self.dialect.do_execute(
  File "C:\Users\renat\OneDrive\Desktop\trainylics\backend\venv\Lib\site-packages\sqlalchemy\engine\default.py", line 951, in do_execute
    cursor.execute(statement, parameters)
  File "C:\Users\renat\OneDrive\Desktop\trainylics\backend\venv\Lib\site-packages\sqlalchemy\dialects\postgresql\asyncpg.py", line 585, in execute
    self._adapt_connection.await_(
  File "C:\Users\renat\OneDrive\Desktop\trainylics\backend\venv\Lib\site-packages\sqlalchemy\util\_concurrency_py3k.py", line 132, in await_only
    return current.parent.switch(awaitable)  # type: ignore[no-any-return,attr-defined] # noqa: E501
           ^^^^^^^^^^^^^^^^^^^^^^^^^^^^^^^^
  File "C:\Users\renat\OneDrive\Desktop\trainylics\backend\venv\Lib\site-packages\sqlalchemy\util\_concurrency_py3k.py", line 196, in greenlet_spawn
    value = await result
            ^^^^^^^^^^^^
  File "C:\Users\renat\OneDrive\Desktop\trainylics\backend\venv\Lib\site-packages\sqlalchemy\dialects\postgresql\asyncpg.py", line 563, in _prepare_and_execute
    self._handle_exception(error)
  File "C:\Users\renat\OneDrive\Desktop\trainylics\backend\venv\Lib\site-packages\sqlalchemy\dialects\postgresql\asyncpg.py", line 513, in _handle_exception
    self._adapt_connection._handle_exception(error)
  File "C:\Users\renat\OneDrive\Desktop\trainylics\backend\venv\Lib\site-packages\sqlalchemy\dialects\postgresql\asyncpg.py", line 797, in _handle_exception
    raise translated_error from error
sqlalchemy.dialects.postgresql.asyncpg.AsyncAdapt_asyncpg_dbapi.Error: <class 'asyncpg.exceptions.DataError'>: invalid input for query argument $9: 3161 (expected str, got int)

The above exception was the direct cause of the following exception:

Traceback (most recent call last):
  File "C:\Users\renat\OneDrive\Desktop\trainylics\backend\src\app\controller\prediction.py", line 285, in get_next_match_analysis
    our_stats = await get_team_avg_stats(list(matched_team_ids))
                ^^^^^^^^^^^^^^^^^^^^^^^^^^^^^^^^^^^^^^^^^^^^^^^^
  File "C:\Users\renat\OneDrive\Desktop\trainylics\backend\src\app\controller\prediction.py", line 239, in get_team_avg_stats
    res_played = await session.execute(stmt_played)
                 ^^^^^^^^^^^^^^^^^^^^^^^^^^^^^^^^^^
  File "C:\Users\renat\OneDrive\Desktop\trainylics\backend\venv\Lib\site-packages\sqlmodel\ext\asyncio\session.py", line 160, in execute
    return await super().execute(
           ^^^^^^^^^^^^^^^^^^^^^^
  File "C:\Users\renat\OneDrive\Desktop\trainylics\backend\venv\Lib\site-packages\sqlalchemy\ext\asyncio\session.py", line 449, in execute
    result = await greenlet_spawn(
             ^^^^^^^^^^^^^^^^^^^^^
  File "C:\Users\renat\OneDrive\Desktop\trainylics\backend\venv\Lib\site-packages\sqlalchemy\util\_concurrency_py3k.py", line 201, in greenlet_spawn
    result = context.throw(*sys.exc_info())
             ^^^^^^^^^^^^^^^^^^^^^^^^^^^^^^
  File "C:\Users\renat\OneDrive\Desktop\trainylics\backend\venv\Lib\site-packages\sqlmodel\orm\session.py", line 144, in execute
    return super().execute(
           ^^^^^^^^^^^^^^^^
  File "C:\Users\renat\OneDrive\Desktop\trainylics\backend\venv\Lib\site-packages\sqlalchemy\orm\session.py", line 2351, in execute
    return self._execute_internal(
           ^^^^^^^^^^^^^^^^^^^^^^^
  File "C:\Users\renat\OneDrive\Desktop\trainylics\backend\venv\Lib\site-packages\sqlalchemy\orm\session.py", line 2249, in _execute_internal
    result: Result[Any] = compile_state_cls.orm_execute_statement(
                          ^^^^^^^^^^^^^^^^^^^^^^^^^^^^^^^^^^^^^^^^
  File "C:\Users\renat\OneDrive\Desktop\trainylics\backend\venv\Lib\site-packages\sqlalchemy\orm\context.py", line 306, in orm_execute_statement
    result = conn.execute(
             ^^^^^^^^^^^^^
  File "C:\Users\renat\OneDrive\Desktop\trainylics\backend\venv\Lib\site-packages\sqlalchemy\engine\base.py", line 1419, in execute
    return meth(
           ^^^^^
  File "C:\Users\renat\OneDrive\Desktop\trainylics\backend\venv\Lib\site-packages\sqlalchemy\sql\elements.py", line 526, in _execute_on_connection
    return connection._execute_clauseelement(
           ^^^^^^^^^^^^^^^^^^^^^^^^^^^^^^^^^^
  File "C:\Users\renat\OneDrive\Desktop\trainylics\backend\venv\Lib\site-packages\sqlalchemy\engine\base.py", line 1641, in _execute_clauseelement
    ret = self._execute_context(
          ^^^^^^^^^^^^^^^^^^^^^^
  File "C:\Users\renat\OneDrive\Desktop\trainylics\backend\venv\Lib\site-packages\sqlalchemy\engine\base.py", line 1846, in _execute_context
    return self._exec_single_context(
           ^^^^^^^^^^^^^^^^^^^^^^^^^^
  File "C:\Users\renat\OneDrive\Desktop\trainylics\backend\venv\Lib\site-packages\sqlalchemy\engine\base.py", line 1986, in _exec_single_context
    self._handle_dbapi_exception(
  File "C:\Users\renat\OneDrive\Desktop\trainylics\backend\venv\Lib\site-packages\sqlalchemy\engine\base.py", line 2355, in _handle_dbapi_exception
    raise sqlalchemy_exception.with_traceback(exc_info[2]) from e
  File "C:\Users\renat\OneDrive\Desktop\trainylics\backend\venv\Lib\site-packages\sqlalchemy\engine\base.py", line 1967, in _exec_single_context
    self.dialect.do_execute(
  File "C:\Users\renat\OneDrive\Desktop\trainylics\backend\venv\Lib\site-packages\sqlalchemy\engine\default.py", line 951, in do_execute
    cursor.execute(statement, parameters)
  File "C:\Users\renat\OneDrive\Desktop\trainylics\backend\venv\Lib\site-packages\sqlalchemy\dialects\postgresql\asyncpg.py", line 585, in execute
    self._adapt_connection.await_(
  File "C:\Users\renat\OneDrive\Desktop\trainylics\backend\venv\Lib\site-packages\sqlalchemy\util\_concurrency_py3k.py", line 132, in await_only
    return current.parent.switch(awaitable)  # type: ignore[no-any-return,attr-defined] # noqa: E501
           ^^^^^^^^^^^^^^^^^^^^^^^^^^^^^^^^
  File "C:\Users\renat\OneDrive\Desktop\trainylics\backend\venv\Lib\site-packages\sqlalchemy\util\_concurrency_py3k.py", line 196, in greenlet_spawn
    value = await result
            ^^^^^^^^^^^^
  File "C:\Users\renat\OneDrive\Desktop\trainylics\backend\venv\Lib\site-packages\sqlalchemy\dialects\postgresql\asyncpg.py", line 563, in _prepare_and_execute
    self._handle_exception(error)
  File "C:\Users\renat\OneDrive\Desktop\trainylics\backend\venv\Lib\site-packages\sqlalchemy\dialects\postgresql\asyncpg.py", line 513, in _handle_exception
    self._adapt_connection._handle_exception(error)
  File "C:\Users\renat\OneDrive\Desktop\trainylics\backend\venv\Lib\site-packages\sqlalchemy\dialects\postgresql\asyncpg.py", line 797, in _handle_exception
    raise translated_error from error
sqlalchemy.exc.DBAPIError: (sqlalchemy.dialects.postgresql.asyncpg.Error) <class 'asyncpg.exceptions.DataError'>: invalid input for query argument $9: 3161 (expected str, got int)
[SQL: SELECT match.created_at, match.modified_at, match.date, match.round, match.home_goals, match.away_goals, match.possession_home, match.possession_away, match.shots_home, match.shots_away, match.shots_on_target_home, match.shots_on_target_away, match.corners_home, match.corners_away, match.xg_home, match.xg_away, match.league_id, match.home_team_id, match.away_team_id, match.id 
FROM match 
WHERE (match.home_team_id IN ($2::VARCHAR, $3::VARCHAR, $4::VARCHAR, $5::VARCHAR, $6::VARCHAR, $7::VARCHAR, $8::VARCHAR, $9::VARCHAR) OR match.away_team_id IN ($10::VARCHAR, $11::VARCHAR, $12::VARCHAR, $13::VARCHAR, $14::VARCHAR, $15::VARCHAR, $16::VARCHAR, $17::VARCHAR)) AND match.home_goals IS NOT NULL AND match.away_goals IS NOT NULL ORDER BY match.date DESC 
 LIMIT $1::INTEGER]
[parameters: (5, 'dea519a2-f052-4209-b87c-288d18dc1954', '88ffe2b7-fc56-4bcd-a4cb-c9e936597516', '23cc6c44-b1f1-4b01-bddb-fb981584d018', 'Universidad de Chile', '3161', '022931ec-9714-49d7-9aa8-148de7c808a4', 'dbe32e26-1812-49e5-bbdd-62d4a07c91e2', 3161, 'dea519a2-f052-4209-b87c-288d18dc1954', '88ffe2b7-fc56-4bcd-a4cb-c9e936597516', '23cc6c44-b1f1-4b01-bddb-fb981584d018', 'Universidad de Chile', '3161', '022931ec-9714-49d7-9aa8-148de7c808a4', 'dbe32e26-1812-49e5-bbdd-62d4a07c91e2', 3161)]
(Background on this error at: https://sqlalche.me/e/20/dbapi)


ERROR DETECTADO:
Traceback (most recent call last):
  File "asyncpg\\protocol\\prepared_stmt.pyx", line 175, in asyncpg.protocol.protocol.PreparedStatementState._encode_bind_msg
  File "asyncpg\\protocol\\codecs/base.pyx", line 227, in asyncpg.protocol.protocol.Codec.encode
  File "asyncpg\\protocol\\codecs/base.pyx", line 129, in asyncpg.protocol.protocol.Codec.encode_scalar
  File "asyncpg\\pgproto\\./codecs/text.pyx", line 29, in asyncpg.pgproto.pgproto.text_encode
  File "asyncpg\\pgproto\\./codecs/text.pyx", line 12, in asyncpg.pgproto.pgproto.as_pg_string_and_size
TypeError: expected str, got int

The above exception was the direct cause of the following exception:

Traceback (most recent call last):
  File "C:\Users\renat\OneDrive\Desktop\trainylics\backend\venv\Lib\site-packages\sqlalchemy\dialects\postgresql\asyncpg.py", line 550, in _prepare_and_execute
    self._rows = deque(await prepared_stmt.fetch(*parameters))
                       ^^^^^^^^^^^^^^^^^^^^^^^^^^^^^^^^^^^^^^
  File "C:\Users\renat\OneDrive\Desktop\trainylics\backend\venv\Lib\site-packages\asyncpg\prepared_stmt.py", line 176, in fetch
    data = await self.__bind_execute(args, 0, timeout)
           ^^^^^^^^^^^^^^^^^^^^^^^^^^^^^^^^^^^^^^^^^^^
  File "C:\Users\renat\OneDrive\Desktop\trainylics\backend\venv\Lib\site-packages\asyncpg\prepared_stmt.py", line 267, in __bind_execute
    data, status, _ = await self.__do_execute(
                      ^^^^^^^^^^^^^^^^^^^^^^^^
  File "C:\Users\renat\OneDrive\Desktop\trainylics\backend\venv\Lib\site-packages\asyncpg\prepared_stmt.py", line 256, in __do_execute
    return await executor(protocol)
           ^^^^^^^^^^^^^^^^^^^^^^^^
  File "asyncpg\\protocol\\protocol.pyx", line 185, in bind_execute
  File "asyncpg\\protocol\\prepared_stmt.pyx", line 204, in asyncpg.protocol.protocol.PreparedStatementState._encode_bind_msg
asyncpg.exceptions.DataError: invalid input for query argument $8: 3161 (expected str, got int)

The above exception was the direct cause of the following exception:

Traceback (most recent call last):
  File "C:\Users\renat\OneDrive\Desktop\trainylics\backend\venv\Lib\site-packages\sqlalchemy\engine\base.py", line 1967, in _exec_single_context
    self.dialect.do_execute(
  File "C:\Users\renat\OneDrive\Desktop\trainylics\backend\venv\Lib\site-packages\sqlalchemy\engine\default.py", line 951, in do_execute
    cursor.execute(statement, parameters)
  File "C:\Users\renat\OneDrive\Desktop\trainylics\backend\venv\Lib\site-packages\sqlalchemy\dialects\postgresql\asyncpg.py", line 585, in execute
    self._adapt_connection.await_(
  File "C:\Users\renat\OneDrive\Desktop\trainylics\backend\venv\Lib\site-packages\sqlalchemy\util\_concurrency_py3k.py", line 132, in await_only
    return current.parent.switch(awaitable)  # type: ignore[no-any-return,attr-defined] # noqa: E501
           ^^^^^^^^^^^^^^^^^^^^^^^^^^^^^^^^
  File "C:\Users\renat\OneDrive\Desktop\trainylics\backend\venv\Lib\site-packages\sqlalchemy\util\_concurrency_py3k.py", line 196, in greenlet_spawn
    value = await result
            ^^^^^^^^^^^^
  File "C:\Users\renat\OneDrive\Desktop\trainylics\backend\venv\Lib\site-packages\sqlalchemy\dialects\postgresql\asyncpg.py", line 563, in _prepare_and_execute
    self._handle_exception(error)
  File "C:\Users\renat\OneDrive\Desktop\trainylics\backend\venv\Lib\site-packages\sqlalchemy\dialects\postgresql\asyncpg.py", line 513, in _handle_exception
    self._adapt_connection._handle_exception(error)
  File "C:\Users\renat\OneDrive\Desktop\trainylics\backend\venv\Lib\site-packages\sqlalchemy\dialects\postgresql\asyncpg.py", line 797, in _handle_exception
    raise translated_error from error
sqlalchemy.dialects.postgresql.asyncpg.AsyncAdapt_asyncpg_dbapi.Error: <class 'asyncpg.exceptions.DataError'>: invalid input for query argument $8: 3161 (expected str, got int)

The above exception was the direct cause of the following exception:

Traceback (most recent call last):
  File "C:\Users\renat\OneDrive\Desktop\trainylics\backend\src\app\controller\prediction.py", line 285, in get_next_match_analysis
    our_stats = await get_team_avg_stats(list(matched_team_ids))
                ^^^^^^^^^^^^^^^^^^^^^^^^^^^^^^^^^^^^^^^^^^^^^^^^
  File "C:\Users\renat\OneDrive\Desktop\trainylics\backend\src\app\controller\prediction.py", line 239, in get_team_avg_stats
    res_played = await session.execute(stmt_played)
                 ^^^^^^^^^^^^^^^^^^^^^^^^^^^^^^^^^^
  File "C:\Users\renat\OneDrive\Desktop\trainylics\backend\venv\Lib\site-packages\sqlmodel\ext\asyncio\session.py", line 160, in execute
    return await super().execute(
           ^^^^^^^^^^^^^^^^^^^^^^
  File "C:\Users\renat\OneDrive\Desktop\trainylics\backend\venv\Lib\site-packages\sqlalchemy\ext\asyncio\session.py", line 449, in execute
    result = await greenlet_spawn(
             ^^^^^^^^^^^^^^^^^^^^^
  File "C:\Users\renat\OneDrive\Desktop\trainylics\backend\venv\Lib\site-packages\sqlalchemy\util\_concurrency_py3k.py", line 201, in greenlet_spawn
    result = context.throw(*sys.exc_info())
             ^^^^^^^^^^^^^^^^^^^^^^^^^^^^^^
  File "C:\Users\renat\OneDrive\Desktop\trainylics\backend\venv\Lib\site-packages\sqlmodel\orm\session.py", line 144, in execute
    return super().execute(
           ^^^^^^^^^^^^^^^^
  File "C:\Users\renat\OneDrive\Desktop\trainylics\backend\venv\Lib\site-packages\sqlalchemy\orm\session.py", line 2351, in execute
    return self._execute_internal(
           ^^^^^^^^^^^^^^^^^^^^^^^
  File "C:\Users\renat\OneDrive\Desktop\trainylics\backend\venv\Lib\site-packages\sqlalchemy\orm\session.py", line 2249, in _execute_internal
    result: Result[Any] = compile_state_cls.orm_execute_statement(
                          ^^^^^^^^^^^^^^^^^^^^^^^^^^^^^^^^^^^^^^^^
  File "C:\Users\renat\OneDrive\Desktop\trainylics\backend\venv\Lib\site-packages\sqlalchemy\orm\context.py", line 306, in orm_execute_statement
    result = conn.execute(
             ^^^^^^^^^^^^^
  File "C:\Users\renat\OneDrive\Desktop\trainylics\backend\venv\Lib\site-packages\sqlalchemy\engine\base.py", line 1419, in execute
    return meth(
           ^^^^^
  File "C:\Users\renat\OneDrive\Desktop\trainylics\backend\venv\Lib\site-packages\sqlalchemy\sql\elements.py", line 526, in _execute_on_connection
    return connection._execute_clauseelement(
           ^^^^^^^^^^^^^^^^^^^^^^^^^^^^^^^^^^
  File "C:\Users\renat\OneDrive\Desktop\trainylics\backend\venv\Lib\site-packages\sqlalchemy\engine\base.py", line 1641, in _execute_clauseelement
    ret = self._execute_context(
          ^^^^^^^^^^^^^^^^^^^^^^
  File "C:\Users\renat\OneDrive\Desktop\trainylics\backend\venv\Lib\site-packages\sqlalchemy\engine\base.py", line 1846, in _execute_context
    return self._exec_single_context(
           ^^^^^^^^^^^^^^^^^^^^^^^^^^
  File "C:\Users\renat\OneDrive\Desktop\trainylics\backend\venv\Lib\site-packages\sqlalchemy\engine\base.py", line 1986, in _exec_single_context
    self._handle_dbapi_exception(
  File "C:\Users\renat\OneDrive\Desktop\trainylics\backend\venv\Lib\site-packages\sqlalchemy\engine\base.py", line 2355, in _handle_dbapi_exception
    raise sqlalchemy_exception.with_traceback(exc_info[2]) from e
  File "C:\Users\renat\OneDrive\Desktop\trainylics\backend\venv\Lib\site-packages\sqlalchemy\engine\base.py", line 1967, in _exec_single_context
    self.dialect.do_execute(
  File "C:\Users\renat\OneDrive\Desktop\trainylics\backend\venv\Lib\site-packages\sqlalchemy\engine\default.py", line 951, in do_execute
    cursor.execute(statement, parameters)
  File "C:\Users\renat\OneDrive\Desktop\trainylics\backend\venv\Lib\site-packages\sqlalchemy\dialects\postgresql\asyncpg.py", line 585, in execute
    self._adapt_connection.await_(
  File "C:\Users\renat\OneDrive\Desktop\trainylics\backend\venv\Lib\site-packages\sqlalchemy\util\_concurrency_py3k.py", line 132, in await_only
    return current.parent.switch(awaitable)  # type: ignore[no-any-return,attr-defined] # noqa: E501
           ^^^^^^^^^^^^^^^^^^^^^^^^^^^^^^^^
  File "C:\Users\renat\OneDrive\Desktop\trainylics\backend\venv\Lib\site-packages\sqlalchemy\util\_concurrency_py3k.py", line 196, in greenlet_spawn
    value = await result
            ^^^^^^^^^^^^
  File "C:\Users\renat\OneDrive\Desktop\trainylics\backend\venv\Lib\site-packages\sqlalchemy\dialects\postgresql\asyncpg.py", line 563, in _prepare_and_execute
    self._handle_exception(error)
  File "C:\Users\renat\OneDrive\Desktop\trainylics\backend\venv\Lib\site-packages\sqlalchemy\dialects\postgresql\asyncpg.py", line 513, in _handle_exception
    self._adapt_connection._handle_exception(error)
  File "C:\Users\renat\OneDrive\Desktop\trainylics\backend\venv\Lib\site-packages\sqlalchemy\dialects\postgresql\asyncpg.py", line 797, in _handle_exception
    raise translated_error from error
sqlalchemy.exc.DBAPIError: (sqlalchemy.dialects.postgresql.asyncpg.Error) <class 'asyncpg.exceptions.DataError'>: invalid input for query argument $8: 3161 (expected str, got int)
[SQL: SELECT match.created_at, match.modified_at, match.date, match.round, match.home_goals, match.away_goals, match.possession_home, match.possession_away, match.shots_home, match.shots_away, match.shots_on_target_home, match.shots_on_target_away, match.corners_home, match.corners_away, match.xg_home, match.xg_away, match.league_id, match.home_team_id, match.away_team_id, match.id 
FROM match 
WHERE (match.home_team_id IN ($2::VARCHAR, $3::VARCHAR, $4::VARCHAR, $5::VARCHAR, $6::VARCHAR, $7::VARCHAR, $8::VARCHAR, $9::VARCHAR) OR match.away_team_id IN ($10::VARCHAR, $11::VARCHAR, $12::VARCHAR, $13::VARCHAR, $14::VARCHAR, $15::VARCHAR, $16::VARCHAR, $17::VARCHAR)) AND match.home_goals IS NOT NULL AND match.away_goals IS NOT NULL ORDER BY match.date DESC 
 LIMIT $1::INTEGER]
[parameters: (5, 'Universidad de Chile', '88ffe2b7-fc56-4bcd-a4cb-c9e936597516', 'dea519a2-f052-4209-b87c-288d18dc1954', '23cc6c44-b1f1-4b01-bddb-fb981584d018', '3161', '022931ec-9714-49d7-9aa8-148de7c808a4', 3161, 'dbe32e26-1812-49e5-bbdd-62d4a07c91e2', 'Universidad de Chile', '88ffe2b7-fc56-4bcd-a4cb-c9e936597516', 'dea519a2-f052-4209-b87c-288d18dc1954', '23cc6c44-b1f1-4b01-bddb-fb981584d018', '3161', '022931ec-9714-49d7-9aa8-148de7c808a4', 3161, 'dbe32e26-1812-49e5-bbdd-62d4a07c91e2')]
(Background on this error at: https://sqlalche.me/e/20/dbapi)


ERROR DETECTADO:
Traceback (most recent call last):
  File "asyncpg\\protocol\\prepared_stmt.pyx", line 175, in asyncpg.protocol.protocol.PreparedStatementState._encode_bind_msg
  File "asyncpg\\protocol\\codecs/base.pyx", line 227, in asyncpg.protocol.protocol.Codec.encode
  File "asyncpg\\protocol\\codecs/base.pyx", line 129, in asyncpg.protocol.protocol.Codec.encode_scalar
  File "asyncpg\\pgproto\\./codecs/text.pyx", line 29, in asyncpg.pgproto.pgproto.text_encode
  File "asyncpg\\pgproto\\./codecs/text.pyx", line 12, in asyncpg.pgproto.pgproto.as_pg_string_and_size
TypeError: expected str, got int

The above exception was the direct cause of the following exception:

Traceback (most recent call last):
  File "C:\Users\renat\OneDrive\Desktop\trainylics\backend\venv\Lib\site-packages\sqlalchemy\dialects\postgresql\asyncpg.py", line 550, in _prepare_and_execute
    self._rows = deque(await prepared_stmt.fetch(*parameters))
                       ^^^^^^^^^^^^^^^^^^^^^^^^^^^^^^^^^^^^^^
  File "C:\Users\renat\OneDrive\Desktop\trainylics\backend\venv\Lib\site-packages\asyncpg\prepared_stmt.py", line 176, in fetch
    data = await self.__bind_execute(args, 0, timeout)
           ^^^^^^^^^^^^^^^^^^^^^^^^^^^^^^^^^^^^^^^^^^^
  File "C:\Users\renat\OneDrive\Desktop\trainylics\backend\venv\Lib\site-packages\asyncpg\prepared_stmt.py", line 267, in __bind_execute
    data, status, _ = await self.__do_execute(
                      ^^^^^^^^^^^^^^^^^^^^^^^^
  File "C:\Users\renat\OneDrive\Desktop\trainylics\backend\venv\Lib\site-packages\asyncpg\prepared_stmt.py", line 256, in __do_execute
    return await executor(protocol)
           ^^^^^^^^^^^^^^^^^^^^^^^^
  File "asyncpg\\protocol\\protocol.pyx", line 185, in bind_execute
  File "asyncpg\\protocol\\prepared_stmt.pyx", line 204, in asyncpg.protocol.protocol.PreparedStatementState._encode_bind_msg
asyncpg.exceptions.DataError: invalid input for query argument $8: 3161 (expected str, got int)

The above exception was the direct cause of the following exception:

Traceback (most recent call last):
  File "C:\Users\renat\OneDrive\Desktop\trainylics\backend\venv\Lib\site-packages\sqlalchemy\engine\base.py", line 1967, in _exec_single_context
    self.dialect.do_execute(
  File "C:\Users\renat\OneDrive\Desktop\trainylics\backend\venv\Lib\site-packages\sqlalchemy\engine\default.py", line 951, in do_execute
    cursor.execute(statement, parameters)
  File "C:\Users\renat\OneDrive\Desktop\trainylics\backend\venv\Lib\site-packages\sqlalchemy\dialects\postgresql\asyncpg.py", line 585, in execute
    self._adapt_connection.await_(
  File "C:\Users\renat\OneDrive\Desktop\trainylics\backend\venv\Lib\site-packages\sqlalchemy\util\_concurrency_py3k.py", line 132, in await_only
    return current.parent.switch(awaitable)  # type: ignore[no-any-return,attr-defined] # noqa: E501
           ^^^^^^^^^^^^^^^^^^^^^^^^^^^^^^^^
  File "C:\Users\renat\OneDrive\Desktop\trainylics\backend\venv\Lib\site-packages\sqlalchemy\util\_concurrency_py3k.py", line 196, in greenlet_spawn
    value = await result
            ^^^^^^^^^^^^
  File "C:\Users\renat\OneDrive\Desktop\trainylics\backend\venv\Lib\site-packages\sqlalchemy\dialects\postgresql\asyncpg.py", line 563, in _prepare_and_execute
    self._handle_exception(error)
  File "C:\Users\renat\OneDrive\Desktop\trainylics\backend\venv\Lib\site-packages\sqlalchemy\dialects\postgresql\asyncpg.py", line 513, in _handle_exception
    self._adapt_connection._handle_exception(error)
  File "C:\Users\renat\OneDrive\Desktop\trainylics\backend\venv\Lib\site-packages\sqlalchemy\dialects\postgresql\asyncpg.py", line 797, in _handle_exception
    raise translated_error from error
sqlalchemy.dialects.postgresql.asyncpg.AsyncAdapt_asyncpg_dbapi.Error: <class 'asyncpg.exceptions.DataError'>: invalid input for query argument $8: 3161 (expected str, got int)

The above exception was the direct cause of the following exception:

Traceback (most recent call last):
  File "C:\Users\renat\OneDrive\Desktop\trainylics\backend\src\app\controller\prediction.py", line 285, in get_next_match_analysis
    our_stats = await get_team_avg_stats(list(matched_team_ids))
                ^^^^^^^^^^^^^^^^^^^^^^^^^^^^^^^^^^^^^^^^^^^^^^^^
  File "C:\Users\renat\OneDrive\Desktop\trainylics\backend\src\app\controller\prediction.py", line 239, in get_team_avg_stats
    res_played = await session.execute(stmt_played)
                 ^^^^^^^^^^^^^^^^^^^^^^^^^^^^^^^^^^
  File "C:\Users\renat\OneDrive\Desktop\trainylics\backend\venv\Lib\site-packages\sqlmodel\ext\asyncio\session.py", line 160, in execute
    return await super().execute(
           ^^^^^^^^^^^^^^^^^^^^^^
  File "C:\Users\renat\OneDrive\Desktop\trainylics\backend\venv\Lib\site-packages\sqlalchemy\ext\asyncio\session.py", line 449, in execute
    result = await greenlet_spawn(
             ^^^^^^^^^^^^^^^^^^^^^
  File "C:\Users\renat\OneDrive\Desktop\trainylics\backend\venv\Lib\site-packages\sqlalchemy\util\_concurrency_py3k.py", line 201, in greenlet_spawn
    result = context.throw(*sys.exc_info())
             ^^^^^^^^^^^^^^^^^^^^^^^^^^^^^^
  File "C:\Users\renat\OneDrive\Desktop\trainylics\backend\venv\Lib\site-packages\sqlmodel\orm\session.py", line 144, in execute
    return super().execute(
           ^^^^^^^^^^^^^^^^
  File "C:\Users\renat\OneDrive\Desktop\trainylics\backend\venv\Lib\site-packages\sqlalchemy\orm\session.py", line 2351, in execute
    return self._execute_internal(
           ^^^^^^^^^^^^^^^^^^^^^^^
  File "C:\Users\renat\OneDrive\Desktop\trainylics\backend\venv\Lib\site-packages\sqlalchemy\orm\session.py", line 2249, in _execute_internal
    result: Result[Any] = compile_state_cls.orm_execute_statement(
                          ^^^^^^^^^^^^^^^^^^^^^^^^^^^^^^^^^^^^^^^^
  File "C:\Users\renat\OneDrive\Desktop\trainylics\backend\venv\Lib\site-packages\sqlalchemy\orm\context.py", line 306, in orm_execute_statement
    result = conn.execute(
             ^^^^^^^^^^^^^
  File "C:\Users\renat\OneDrive\Desktop\trainylics\backend\venv\Lib\site-packages\sqlalchemy\engine\base.py", line 1419, in execute
    return meth(
           ^^^^^
  File "C:\Users\renat\OneDrive\Desktop\trainylics\backend\venv\Lib\site-packages\sqlalchemy\sql\elements.py", line 526, in _execute_on_connection
    return connection._execute_clauseelement(
           ^^^^^^^^^^^^^^^^^^^^^^^^^^^^^^^^^^
  File "C:\Users\renat\OneDrive\Desktop\trainylics\backend\venv\Lib\site-packages\sqlalchemy\engine\base.py", line 1641, in _execute_clauseelement
    ret = self._execute_context(
          ^^^^^^^^^^^^^^^^^^^^^^
  File "C:\Users\renat\OneDrive\Desktop\trainylics\backend\venv\Lib\site-packages\sqlalchemy\engine\base.py", line 1846, in _execute_context
    return self._exec_single_context(
           ^^^^^^^^^^^^^^^^^^^^^^^^^^
  File "C:\Users\renat\OneDrive\Desktop\trainylics\backend\venv\Lib\site-packages\sqlalchemy\engine\base.py", line 1986, in _exec_single_context
    self._handle_dbapi_exception(
  File "C:\Users\renat\OneDrive\Desktop\trainylics\backend\venv\Lib\site-packages\sqlalchemy\engine\base.py", line 2355, in _handle_dbapi_exception
    raise sqlalchemy_exception.with_traceback(exc_info[2]) from e
  File "C:\Users\renat\OneDrive\Desktop\trainylics\backend\venv\Lib\site-packages\sqlalchemy\engine\base.py", line 1967, in _exec_single_context
    self.dialect.do_execute(
  File "C:\Users\renat\OneDrive\Desktop\trainylics\backend\venv\Lib\site-packages\sqlalchemy\engine\default.py", line 951, in do_execute
    cursor.execute(statement, parameters)
  File "C:\Users\renat\OneDrive\Desktop\trainylics\backend\venv\Lib\site-packages\sqlalchemy\dialects\postgresql\asyncpg.py", line 585, in execute
    self._adapt_connection.await_(
  File "C:\Users\renat\OneDrive\Desktop\trainylics\backend\venv\Lib\site-packages\sqlalchemy\util\_concurrency_py3k.py", line 132, in await_only
    return current.parent.switch(awaitable)  # type: ignore[no-any-return,attr-defined] # noqa: E501
           ^^^^^^^^^^^^^^^^^^^^^^^^^^^^^^^^
  File "C:\Users\renat\OneDrive\Desktop\trainylics\backend\venv\Lib\site-packages\sqlalchemy\util\_concurrency_py3k.py", line 196, in greenlet_spawn
    value = await result
            ^^^^^^^^^^^^
  File "C:\Users\renat\OneDrive\Desktop\trainylics\backend\venv\Lib\site-packages\sqlalchemy\dialects\postgresql\asyncpg.py", line 563, in _prepare_and_execute
    self._handle_exception(error)
  File "C:\Users\renat\OneDrive\Desktop\trainylics\backend\venv\Lib\site-packages\sqlalchemy\dialects\postgresql\asyncpg.py", line 513, in _handle_exception
    self._adapt_connection._handle_exception(error)
  File "C:\Users\renat\OneDrive\Desktop\trainylics\backend\venv\Lib\site-packages\sqlalchemy\dialects\postgresql\asyncpg.py", line 797, in _handle_exception
    raise translated_error from error
sqlalchemy.exc.DBAPIError: (sqlalchemy.dialects.postgresql.asyncpg.Error) <class 'asyncpg.exceptions.DataError'>: invalid input for query argument $8: 3161 (expected str, got int)
[SQL: SELECT match.created_at, match.modified_at, match.date, match.round, match.home_goals, match.away_goals, match.possession_home, match.possession_away, match.shots_home, match.shots_away, match.shots_on_target_home, match.shots_on_target_away, match.corners_home, match.corners_away, match.xg_home, match.xg_away, match.league_id, match.home_team_id, match.away_team_id, match.id 
FROM match 
WHERE (match.home_team_id IN ($2::VARCHAR, $3::VARCHAR, $4::VARCHAR, $5::VARCHAR, $6::VARCHAR, $7::VARCHAR, $8::VARCHAR, $9::VARCHAR) OR match.away_team_id IN ($10::VARCHAR, $11::VARCHAR, $12::VARCHAR, $13::VARCHAR, $14::VARCHAR, $15::VARCHAR, $16::VARCHAR, $17::VARCHAR)) AND match.home_goals IS NOT NULL AND match.away_goals IS NOT NULL ORDER BY match.date DESC 
 LIMIT $1::INTEGER]
[parameters: (5, 'Universidad de Chile', '88ffe2b7-fc56-4bcd-a4cb-c9e936597516', 'dea519a2-f052-4209-b87c-288d18dc1954', '23cc6c44-b1f1-4b01-bddb-fb981584d018', '3161', '022931ec-9714-49d7-9aa8-148de7c808a4', 3161, 'dbe32e26-1812-49e5-bbdd-62d4a07c91e2', 'Universidad de Chile', '88ffe2b7-fc56-4bcd-a4cb-c9e936597516', 'dea519a2-f052-4209-b87c-288d18dc1954', '23cc6c44-b1f1-4b01-bddb-fb981584d018', '3161', '022931ec-9714-49d7-9aa8-148de7c808a4', 3161, 'dbe32e26-1812-49e5-bbdd-62d4a07c91e2')]
(Background on this error at: https://sqlalche.me/e/20/dbapi)


ERROR DETECTADO:
Traceback (most recent call last):
  File "asyncpg\\protocol\\prepared_stmt.pyx", line 175, in asyncpg.protocol.protocol.PreparedStatementState._encode_bind_msg
  File "asyncpg\\protocol\\codecs/base.pyx", line 227, in asyncpg.protocol.protocol.Codec.encode
  File "asyncpg\\protocol\\codecs/base.pyx", line 129, in asyncpg.protocol.protocol.Codec.encode_scalar
  File "asyncpg\\pgproto\\./codecs/text.pyx", line 29, in asyncpg.pgproto.pgproto.text_encode
  File "asyncpg\\pgproto\\./codecs/text.pyx", line 12, in asyncpg.pgproto.pgproto.as_pg_string_and_size
TypeError: expected str, got int

The above exception was the direct cause of the following exception:

Traceback (most recent call last):
  File "C:\Users\renat\OneDrive\Desktop\trainylics\backend\venv\Lib\site-packages\sqlalchemy\dialects\postgresql\asyncpg.py", line 550, in _prepare_and_execute
    self._rows = deque(await prepared_stmt.fetch(*parameters))
                       ^^^^^^^^^^^^^^^^^^^^^^^^^^^^^^^^^^^^^^
  File "C:\Users\renat\OneDrive\Desktop\trainylics\backend\venv\Lib\site-packages\asyncpg\prepared_stmt.py", line 176, in fetch
    data = await self.__bind_execute(args, 0, timeout)
           ^^^^^^^^^^^^^^^^^^^^^^^^^^^^^^^^^^^^^^^^^^^
  File "C:\Users\renat\OneDrive\Desktop\trainylics\backend\venv\Lib\site-packages\asyncpg\prepared_stmt.py", line 267, in __bind_execute
    data, status, _ = await self.__do_execute(
                      ^^^^^^^^^^^^^^^^^^^^^^^^
  File "C:\Users\renat\OneDrive\Desktop\trainylics\backend\venv\Lib\site-packages\asyncpg\prepared_stmt.py", line 256, in __do_execute
    return await executor(protocol)
           ^^^^^^^^^^^^^^^^^^^^^^^^
  File "asyncpg\\protocol\\protocol.pyx", line 185, in bind_execute
  File "asyncpg\\protocol\\prepared_stmt.pyx", line 204, in asyncpg.protocol.protocol.PreparedStatementState._encode_bind_msg
asyncpg.exceptions.DataError: invalid input for query argument $8: 3161 (expected str, got int)

The above exception was the direct cause of the following exception:

Traceback (most recent call last):
  File "C:\Users\renat\OneDrive\Desktop\trainylics\backend\venv\Lib\site-packages\sqlalchemy\engine\base.py", line 1967, in _exec_single_context
    self.dialect.do_execute(
  File "C:\Users\renat\OneDrive\Desktop\trainylics\backend\venv\Lib\site-packages\sqlalchemy\engine\default.py", line 951, in do_execute
    cursor.execute(statement, parameters)
  File "C:\Users\renat\OneDrive\Desktop\trainylics\backend\venv\Lib\site-packages\sqlalchemy\dialects\postgresql\asyncpg.py", line 585, in execute
    self._adapt_connection.await_(
  File "C:\Users\renat\OneDrive\Desktop\trainylics\backend\venv\Lib\site-packages\sqlalchemy\util\_concurrency_py3k.py", line 132, in await_only
    return current.parent.switch(awaitable)  # type: ignore[no-any-return,attr-defined] # noqa: E501
           ^^^^^^^^^^^^^^^^^^^^^^^^^^^^^^^^
  File "C:\Users\renat\OneDrive\Desktop\trainylics\backend\venv\Lib\site-packages\sqlalchemy\util\_concurrency_py3k.py", line 196, in greenlet_spawn
    value = await result
            ^^^^^^^^^^^^
  File "C:\Users\renat\OneDrive\Desktop\trainylics\backend\venv\Lib\site-packages\sqlalchemy\dialects\postgresql\asyncpg.py", line 563, in _prepare_and_execute
    self._handle_exception(error)
  File "C:\Users\renat\OneDrive\Desktop\trainylics\backend\venv\Lib\site-packages\sqlalchemy\dialects\postgresql\asyncpg.py", line 513, in _handle_exception
    self._adapt_connection._handle_exception(error)
  File "C:\Users\renat\OneDrive\Desktop\trainylics\backend\venv\Lib\site-packages\sqlalchemy\dialects\postgresql\asyncpg.py", line 797, in _handle_exception
    raise translated_error from error
sqlalchemy.dialects.postgresql.asyncpg.AsyncAdapt_asyncpg_dbapi.Error: <class 'asyncpg.exceptions.DataError'>: invalid input for query argument $8: 3161 (expected str, got int)

The above exception was the direct cause of the following exception:

Traceback (most recent call last):
  File "C:\Users\renat\OneDrive\Desktop\trainylics\backend\src\app\controller\prediction.py", line 285, in get_next_match_analysis
    our_stats = await get_team_avg_stats(list(matched_team_ids))
                ^^^^^^^^^^^^^^^^^^^^^^^^^^^^^^^^^^^^^^^^^^^^^^^^
  File "C:\Users\renat\OneDrive\Desktop\trainylics\backend\src\app\controller\prediction.py", line 239, in get_team_avg_stats
    res_played = await session.execute(stmt_played)
                 ^^^^^^^^^^^^^^^^^^^^^^^^^^^^^^^^^^
  File "C:\Users\renat\OneDrive\Desktop\trainylics\backend\venv\Lib\site-packages\sqlmodel\ext\asyncio\session.py", line 160, in execute
    return await super().execute(
           ^^^^^^^^^^^^^^^^^^^^^^
  File "C:\Users\renat\OneDrive\Desktop\trainylics\backend\venv\Lib\site-packages\sqlalchemy\ext\asyncio\session.py", line 449, in execute
    result = await greenlet_spawn(
             ^^^^^^^^^^^^^^^^^^^^^
  File "C:\Users\renat\OneDrive\Desktop\trainylics\backend\venv\Lib\site-packages\sqlalchemy\util\_concurrency_py3k.py", line 201, in greenlet_spawn
    result = context.throw(*sys.exc_info())
             ^^^^^^^^^^^^^^^^^^^^^^^^^^^^^^
  File "C:\Users\renat\OneDrive\Desktop\trainylics\backend\venv\Lib\site-packages\sqlmodel\orm\session.py", line 144, in execute
    return super().execute(
           ^^^^^^^^^^^^^^^^
  File "C:\Users\renat\OneDrive\Desktop\trainylics\backend\venv\Lib\site-packages\sqlalchemy\orm\session.py", line 2351, in execute
    return self._execute_internal(
           ^^^^^^^^^^^^^^^^^^^^^^^
  File "C:\Users\renat\OneDrive\Desktop\trainylics\backend\venv\Lib\site-packages\sqlalchemy\orm\session.py", line 2249, in _execute_internal
    result: Result[Any] = compile_state_cls.orm_execute_statement(
                          ^^^^^^^^^^^^^^^^^^^^^^^^^^^^^^^^^^^^^^^^
  File "C:\Users\renat\OneDrive\Desktop\trainylics\backend\venv\Lib\site-packages\sqlalchemy\orm\context.py", line 306, in orm_execute_statement
    result = conn.execute(
             ^^^^^^^^^^^^^
  File "C:\Users\renat\OneDrive\Desktop\trainylics\backend\venv\Lib\site-packages\sqlalchemy\engine\base.py", line 1419, in execute
    return meth(
           ^^^^^
  File "C:\Users\renat\OneDrive\Desktop\trainylics\backend\venv\Lib\site-packages\sqlalchemy\sql\elements.py", line 526, in _execute_on_connection
    return connection._execute_clauseelement(
           ^^^^^^^^^^^^^^^^^^^^^^^^^^^^^^^^^^
  File "C:\Users\renat\OneDrive\Desktop\trainylics\backend\venv\Lib\site-packages\sqlalchemy\engine\base.py", line 1641, in _execute_clauseelement
    ret = self._execute_context(
          ^^^^^^^^^^^^^^^^^^^^^^
  File "C:\Users\renat\OneDrive\Desktop\trainylics\backend\venv\Lib\site-packages\sqlalchemy\engine\base.py", line 1846, in _execute_context
    return self._exec_single_context(
           ^^^^^^^^^^^^^^^^^^^^^^^^^^
  File "C:\Users\renat\OneDrive\Desktop\trainylics\backend\venv\Lib\site-packages\sqlalchemy\engine\base.py", line 1986, in _exec_single_context
    self._handle_dbapi_exception(
  File "C:\Users\renat\OneDrive\Desktop\trainylics\backend\venv\Lib\site-packages\sqlalchemy\engine\base.py", line 2355, in _handle_dbapi_exception
    raise sqlalchemy_exception.with_traceback(exc_info[2]) from e
  File "C:\Users\renat\OneDrive\Desktop\trainylics\backend\venv\Lib\site-packages\sqlalchemy\engine\base.py", line 1967, in _exec_single_context
    self.dialect.do_execute(
  File "C:\Users\renat\OneDrive\Desktop\trainylics\backend\venv\Lib\site-packages\sqlalchemy\engine\default.py", line 951, in do_execute
    cursor.execute(statement, parameters)
  File "C:\Users\renat\OneDrive\Desktop\trainylics\backend\venv\Lib\site-packages\sqlalchemy\dialects\postgresql\asyncpg.py", line 585, in execute
    self._adapt_connection.await_(
  File "C:\Users\renat\OneDrive\Desktop\trainylics\backend\venv\Lib\site-packages\sqlalchemy\util\_concurrency_py3k.py", line 132, in await_only
    return current.parent.switch(awaitable)  # type: ignore[no-any-return,attr-defined] # noqa: E501
           ^^^^^^^^^^^^^^^^^^^^^^^^^^^^^^^^
  File "C:\Users\renat\OneDrive\Desktop\trainylics\backend\venv\Lib\site-packages\sqlalchemy\util\_concurrency_py3k.py", line 196, in greenlet_spawn
    value = await result
            ^^^^^^^^^^^^
  File "C:\Users\renat\OneDrive\Desktop\trainylics\backend\venv\Lib\site-packages\sqlalchemy\dialects\postgresql\asyncpg.py", line 563, in _prepare_and_execute
    self._handle_exception(error)
  File "C:\Users\renat\OneDrive\Desktop\trainylics\backend\venv\Lib\site-packages\sqlalchemy\dialects\postgresql\asyncpg.py", line 513, in _handle_exception
    self._adapt_connection._handle_exception(error)
  File "C:\Users\renat\OneDrive\Desktop\trainylics\backend\venv\Lib\site-packages\sqlalchemy\dialects\postgresql\asyncpg.py", line 797, in _handle_exception
    raise translated_error from error
sqlalchemy.exc.DBAPIError: (sqlalchemy.dialects.postgresql.asyncpg.Error) <class 'asyncpg.exceptions.DataError'>: invalid input for query argument $8: 3161 (expected str, got int)
[SQL: SELECT match.created_at, match.modified_at, match.date, match.round, match.home_goals, match.away_goals, match.possession_home, match.possession_away, match.shots_home, match.shots_away, match.shots_on_target_home, match.shots_on_target_away, match.corners_home, match.corners_away, match.xg_home, match.xg_away, match.league_id, match.home_team_id, match.away_team_id, match.id 
FROM match 
WHERE (match.home_team_id IN ($2::VARCHAR, $3::VARCHAR, $4::VARCHAR, $5::VARCHAR, $6::VARCHAR, $7::VARCHAR, $8::VARCHAR, $9::VARCHAR) OR match.away_team_id IN ($10::VARCHAR, $11::VARCHAR, $12::VARCHAR, $13::VARCHAR, $14::VARCHAR, $15::VARCHAR, $16::VARCHAR, $17::VARCHAR)) AND match.home_goals IS NOT NULL AND match.away_goals IS NOT NULL ORDER BY match.date DESC 
 LIMIT $1::INTEGER]
[parameters: (5, 'Universidad de Chile', '88ffe2b7-fc56-4bcd-a4cb-c9e936597516', 'dea519a2-f052-4209-b87c-288d18dc1954', '23cc6c44-b1f1-4b01-bddb-fb981584d018', '3161', '022931ec-9714-49d7-9aa8-148de7c808a4', 3161, 'dbe32e26-1812-49e5-bbdd-62d4a07c91e2', 'Universidad de Chile', '88ffe2b7-fc56-4bcd-a4cb-c9e936597516', 'dea519a2-f052-4209-b87c-288d18dc1954', '23cc6c44-b1f1-4b01-bddb-fb981584d018', '3161', '022931ec-9714-49d7-9aa8-148de7c808a4', 3161, 'dbe32e26-1812-49e5-bbdd-62d4a07c91e2')]
(Background on this error at: https://sqlalche.me/e/20/dbapi)


